[    0.000000] Initializing cgroup subsys cpuset
[    0.000000] Initializing cgroup subsys cpu
[    0.000000] Initializing cgroup subsys cpuacct
[    0.000000] Linux version 4.4.0-157-generic (buildd@lgw01-amd64-037) (gcc version 5.4.0 20160609 (Ubuntu 5.4.0-6ubuntu1~16.04.10) ) #185-Ubuntu SMP Tue Jul 23 09:17:01 UTC 2019 (Ubuntu 4.4.0-157.185-generic 4.4.181)
[    0.000000] Command line: BOOT_IMAGE=/boot/vmlinuz-4.4.0-157-generic root=LABEL=cloudimg-rootfs ro console=tty1 console=ttyS0
[    0.000000] KERNEL supported cpus:
[    0.000000]   Intel GenuineIntel
[    0.000000]   AMD AuthenticAMD
[    0.000000]   Centaur CentaurHauls
[    0.000000] x86/fpu: xstate_offset[2]:  576, xstate_sizes[2]:  256
[    0.000000] x86/fpu: Supporting XSAVE feature 0x01: 'x87 floating point registers'
[    0.000000] x86/fpu: Supporting XSAVE feature 0x02: 'SSE registers'
[    0.000000] x86/fpu: Supporting XSAVE feature 0x04: 'AVX registers'
[    0.000000] x86/fpu: Enabled xstate features 0x7, context size is 832 bytes, using 'standard' format.
[    0.000000] e820: BIOS-provided physical RAM map:
[    0.000000] BIOS-e820: [mem 0x0000000000000000-0x000000000009fbff] usable
[    0.000000] BIOS-e820: [mem 0x000000000009fc00-0x000000000009ffff] reserved
[    0.000000] BIOS-e820: [mem 0x00000000000f0000-0x00000000000fffff] reserved
[    0.000000] BIOS-e820: [mem 0x0000000000100000-0x000000003ffeffff] usable
[    0.000000] BIOS-e820: [mem 0x000000003fff0000-0x000000003fffffff] ACPI data
[    0.000000] BIOS-e820: [mem 0x00000000fec00000-0x00000000fec00fff] reserved
[    0.000000] BIOS-e820: [mem 0x00000000fee00000-0x00000000fee00fff] reserved
[    0.000000] BIOS-e820: [mem 0x00000000fffc0000-0x00000000ffffffff] reserved
[    0.000000] NX (Execute Disable) protection: active
[    0.000000] SMBIOS 2.5 present.
[    0.000000] Hypervisor detected: KVM
[    0.000000] e820: last_pfn = 0x3fff0 max_arch_pfn = 0x400000000
[    0.000000] MTRR: Disabled
[    0.000000] x86/PAT: MTRRs disabled, skipping PAT initialization too.
[    0.000000] CPU MTRRs all blank - virtualized system.
[    0.000000] x86/PAT: Configuration [0-7]: WB  WT  UC- UC  WB  WT  UC- UC  
[    0.000000] found SMP MP-table at [mem 0x0009fff0-0x0009ffff] mapped at [ffff88000009fff0]
[    0.000000] Scanning 1 areas for low memory corruption
[    0.000000] RAMDISK: [mem 0x362fc000-0x37175fff]
[    0.000000] ACPI: Early table checksum verification disabled
[    0.000000] ACPI: RSDP 0x00000000000E0000 000024 (v02 VBOX  )
[    0.000000] ACPI: XSDT 0x000000003FFF0030 00003C (v01 VBOX   VBOXXSDT 00000001 ASL  00000061)
[    0.000000] ACPI: FACP 0x000000003FFF00F0 0000F4 (v04 VBOX   VBOXFACP 00000001 ASL  00000061)
[    0.000000] ACPI: DSDT 0x000000003FFF0470 0022EA (v02 VBOX   VBOXBIOS 00000002 INTL 20100528)
[    0.000000] ACPI: FACS 0x000000003FFF0200 000040
[    0.000000] ACPI: FACS 0x000000003FFF0200 000040
[    0.000000] ACPI: APIC 0x000000003FFF0240 00005C (v02 VBOX   VBOXAPIC 00000001 ASL  00000061)
[    0.000000] ACPI: SSDT 0x000000003FFF02A0 0001CC (v01 VBOX   VBOXCPUT 00000002 INTL 20100528)
[    0.000000] No NUMA configuration found
[    0.000000] Faking a node at [mem 0x0000000000000000-0x000000003ffeffff]
[    0.000000] NODE_DATA(0) allocated [mem 0x3ffeb000-0x3ffeffff]
[    0.000000] kvm-clock: Using msrs 4b564d01 and 4b564d00
[    0.000000] kvm-clock: cpu 0, msr 0:3ffe3001, primary cpu clock
[    0.000000] kvm-clock: using sched offset of 4592558728 cycles
[    0.000000] clocksource: kvm-clock: mask: 0xffffffffffffffff max_cycles: 0x1cd42e4dffb, max_idle_ns: 881590591483 ns
[    0.000000] Zone ranges:
[    0.000000]   DMA      [mem 0x0000000000001000-0x0000000000ffffff]
[    0.000000]   DMA32    [mem 0x0000000001000000-0x000000003ffeffff]
[    0.000000]   Normal   empty
[    0.000000]   Device   empty
[    0.000000] Movable zone start for each node
[    0.000000] Early memory node ranges
[    0.000000]   node   0: [mem 0x0000000000001000-0x000000000009efff]
[    0.000000]   node   0: [mem 0x0000000000100000-0x000000003ffeffff]
[    0.000000] Initmem setup node 0 [mem 0x0000000000001000-0x000000003ffeffff]
[    0.000000] ACPI: PM-Timer IO Port: 0x4008
[    0.000000] IOAPIC[0]: apic_id 2, version 32, address 0xfec00000, GSI 0-23
[    0.000000] ACPI: INT_SRC_OVR (bus 0 bus_irq 0 global_irq 2 dfl dfl)
[    0.000000] ACPI: INT_SRC_OVR (bus 0 bus_irq 9 global_irq 9 low level)
[    0.000000] Using ACPI (MADT) for SMP configuration information
[    0.000000] smpboot: Allowing 2 CPUs, 0 hotplug CPUs
[    0.000000] PM: Registered nosave memory: [mem 0x00000000-0x00000fff]
[    0.000000] PM: Registered nosave memory: [mem 0x0009f000-0x0009ffff]
[    0.000000] PM: Registered nosave memory: [mem 0x000a0000-0x000effff]
[    0.000000] PM: Registered nosave memory: [mem 0x000f0000-0x000fffff]
[    0.000000] e820: [mem 0x40000000-0xfebfffff] available for PCI devices
[    0.000000] Booting paravirtualized kernel on KVM
[    0.000000] clocksource: refined-jiffies: mask: 0xffffffff max_cycles: 0xffffffff, max_idle_ns: 7645519600211568 ns
[    0.000000] setup_percpu: NR_CPUS:512 nr_cpumask_bits:512 nr_cpu_ids:2 nr_node_ids:1
[    0.000000] PERCPU: Embedded 34 pages/cpu @ffff88003fc00000 s99544 r8192 d31528 u1048576
[    0.000000] Built 1 zonelists in Node order, mobility grouping on.  Total pages: 257912
[    0.000000] Policy zone: DMA32
[    0.000000] Kernel command line: BOOT_IMAGE=/boot/vmlinuz-4.4.0-157-generic root=LABEL=cloudimg-rootfs ro console=tty1 console=ttyS0
[    0.000000] PID hash table entries: 4096 (order: 3, 32768 bytes)
[    0.000000] Memory: 997736K/1048120K available (8618K kernel code, 1335K rwdata, 4032K rodata, 1484K init, 1284K bss, 50384K reserved, 0K cma-reserved)
[    0.000000] SLUB: HWalign=64, Order=0-3, MinObjects=0, CPUs=2, Nodes=1
[    0.000000] Kernel/User page tables isolation: enabled
[    0.000000] Hierarchical RCU implementation.
[    0.000000] 	Build-time adjustment of leaf fanout to 64.
[    0.000000] 	RCU restricting CPUs from NR_CPUS=512 to nr_cpu_ids=2.
[    0.000000] RCU: Adjusting geometry for rcu_fanout_leaf=64, nr_cpu_ids=2
[    0.000000] NR_IRQS:33024 nr_irqs:440 16
[    0.000000] Console: colour VGA+ 80x25
[    0.000000] console [tty1] enabled
[    0.000000] console [ttyS0] enabled
[    0.000000] tsc: Detected 2712.000 MHz processor
[    0.328788] Calibrating delay loop (skipped) preset value.. 5424.00 BogoMIPS (lpj=10848000)
[    0.331497] pid_max: default: 32768 minimum: 301
[    0.332836] ACPI: Core revision 20150930
[    0.336311] ACPI: 2 ACPI AML tables successfully acquired and loaded
[    0.338212] Security Framework initialized
[    0.339449] Yama: becoming mindful.
[    0.340591] AppArmor: AppArmor initialized
[    0.341838] Dentry cache hash table entries: 131072 (order: 8, 1048576 bytes)
[    0.347842] Inode-cache hash table entries: 65536 (order: 7, 524288 bytes)
[    0.350112] Mount-cache hash table entries: 2048 (order: 2, 16384 bytes)
[    0.352254] Mountpoint-cache hash table entries: 2048 (order: 2, 16384 bytes)
[    0.354678] Initializing cgroup subsys io
[    0.356188] Initializing cgroup subsys memory
[    0.357633] Initializing cgroup subsys devices
[    0.359147] Initializing cgroup subsys freezer
[    0.360599] Initializing cgroup subsys net_cls
[    0.362669] Initializing cgroup subsys perf_event
[    0.364351] Initializing cgroup subsys net_prio
[    0.365871] Initializing cgroup subsys hugetlb
[    0.367411] Initializing cgroup subsys pids
[    0.371216] mce: CPU supports 0 MCE banks
[    0.372797] Last level iTLB entries: 4KB 64, 2MB 8, 4MB 8
[    0.374535] Last level dTLB entries: 4KB 64, 2MB 0, 4MB 0, 1GB 4
[    0.376694] Spectre V2 : Mitigation: Full generic retpoline
[    0.378451] Spectre V2 : Spectre v2 / SpectreRSB mitigation: Filling RSB on context switch
[    0.381274] Speculative Store Bypass: Vulnerable
[    0.383021] MDS: Vulnerable: Clear CPU buffers attempted, no microcode
[    0.391426] Freeing SMP alternatives memory: 36K
[    0.403798] ftrace: allocating 32312 entries in 127 pages
[    0.542938] smpboot: APIC(0) Converting physical 0 to logical package 0
[    0.545175] smpboot: Max logical packages: 1
[    0.547909] x2apic enabled
[    0.549458] Switched APIC routing to physical x2apic.
[    0.554748] ..TIMER: vector=0x30 apic1=0 pin1=2 apic2=-1 pin2=-1
[    0.664117] smpboot: CPU0: Intel(R) Core(TM) i5-7200U CPU @ 2.50GHz (family: 0x6, model: 0x8e, stepping: 0x9)
[    0.669374] Performance Events: unsupported p6 CPU model 142 no PMU driver, software events only.
[    0.693380] KVM setup paravirtual spinlock
[    0.695912] x86: Booting SMP configuration:
[    0.697728] .... node  #0, CPUs:      #1
[    0.699126] kvm-clock: cpu 1, msr 0:3ffe3041, secondary cpu clock
[    0.703649] mce: CPU supports 0 MCE banks
[    0.706961] x86: Booted up 1 node, 2 CPUs
[    0.708730] smpboot: Total of 2 processors activated (10848.00 BogoMIPS)
[    0.711817] devtmpfs: initialized
[    0.715433] evm: security.selinux
[    0.716719] evm: security.SMACK64
[    0.717926] evm: security.SMACK64EXEC
[    0.719227] evm: security.SMACK64TRANSMUTE
[    0.720837] evm: security.SMACK64MMAP
[    0.722161] evm: security.ima
[    0.723372] evm: security.capability
[    0.725183] clocksource: jiffies: mask: 0xffffffff max_cycles: 0xffffffff, max_idle_ns: 7645041785100000 ns
[    0.728726] futex hash table entries: 512 (order: 3, 32768 bytes)
[    0.730951] pinctrl core: initialized pinctrl subsystem
[    0.733032] RTC time: 11:40:19, date: 08/17/19
[    0.735139] NET: Registered protocol family 16
[    0.748491] cpuidle: using governor ladder
[    0.760612] cpuidle: using governor menu
[    0.763625] PCCT header not found.
[    0.766474] ACPI: bus type PCI registered
[    0.769454] acpiphp: ACPI Hot Plug PCI Controller Driver version: 0.5
[    0.774604] PCI: Using configuration type 1 for base access
[    0.795380] ACPI: Added _OSI(Module Device)
[    0.798496] ACPI: Added _OSI(Processor Device)
[    0.801869] ACPI: Added _OSI(3.0 _SCP Extensions)
[    0.805268] ACPI: Added _OSI(Processor Aggregator Device)
[    0.811043] ACPI: Executed 1 blocks of module-level executable AML code
[    0.822422] ACPI: Interpreter enabled
[    0.825489] ACPI: (supports S0 S5)
[    0.828125] ACPI: Using IOAPIC for interrupt routing
[    0.832016] PCI: Using host bridge windows from ACPI; if necessary, use "pci=nocrs" and report a bug
[    0.850827] ACPI: PCI Root Bridge [PCI0] (domain 0000 [bus 00-ff])
[    0.855076] acpi PNP0A03:00: _OSC: OS supports [ASPM ClockPM Segments MSI]
[    0.861049] acpi PNP0A03:00: _OSC: not requesting OS control; OS requires [ExtendedConfig ASPM ClockPM MSI]
[    0.868648] acpi PNP0A03:00: fail to add MMCONFIG information, can't access extended PCI configuration space under this bridge.
[    0.877706] PCI host bridge to bus 0000:00
[    0.881042] pci_bus 0000:00: root bus resource [io  0x0000-0x0cf7 window]
[    0.885429] pci_bus 0000:00: root bus resource [io  0x0d00-0xffff window]
[    0.890003] pci_bus 0000:00: root bus resource [mem 0x000a0000-0x000bffff window]
[    0.895515] pci_bus 0000:00: root bus resource [mem 0x40000000-0xfdffffff window]
[    0.901525] pci_bus 0000:00: root bus resource [bus 00-ff]
[    0.912144] pci 0000:00:01.1: legacy IDE quirk: reg 0x10: [io  0x01f0-0x01f7]
[    0.916796] pci 0000:00:01.1: legacy IDE quirk: reg 0x14: [io  0x03f6]
[    0.921149] pci 0000:00:01.1: legacy IDE quirk: reg 0x18: [io  0x0170-0x0177]
[    0.925787] pci 0000:00:01.1: legacy IDE quirk: reg 0x1c: [io  0x0376]
[    0.971947] pci 0000:00:07.0: quirk: [io  0x4000-0x403f] claimed by PIIX4 ACPI
[    1.015413] pci 0000:00:07.0: quirk: [io  0x4100-0x410f] claimed by PIIX4 SMB
[    1.048609] ACPI: PCI Interrupt Link [LNKA] (IRQs 5 9 10 *11)
[    1.052550] ACPI: PCI Interrupt Link [LNKB] (IRQs 5 9 *10 11)
[    1.056443] ACPI: PCI Interrupt Link [LNKC] (IRQs 5 *9 10 11)
[    1.062135] ACPI: PCI Interrupt Link [LNKD] (IRQs 5 9 10 *11)
[    1.068437] ACPI: Enabled 2 GPEs in block 00 to 07
[    1.073791] vgaarb: setting as boot device: PCI:0000:00:02.0
[    1.078288] vgaarb: device added: PCI:0000:00:02.0,decodes=io+mem,owns=io+mem,locks=none
[    1.084937] vgaarb: loaded
[    1.087565] vgaarb: bridge control possible 0000:00:02.0
[    1.090675] SCSI subsystem initialized
[    1.093247] ACPI: bus type USB registered
[    1.095431] usbcore: registered new interface driver usbfs
[    1.098335] usbcore: registered new interface driver hub
[    1.101081] usbcore: registered new device driver usb
[    1.104361] PCI: Using ACPI for IRQ routing
[    1.107121] NetLabel: Initializing
[    1.109211] NetLabel:  domain hash size = 128
[    1.111507] NetLabel:  protocols = UNLABELED CIPSOv4
[    1.120404] NetLabel:  unlabeled traffic allowed by default
[    1.123694] amd_nb: Cannot enumerate AMD northbridges
[    1.126459] clocksource: Switched to clocksource kvm-clock
[    1.152447] AppArmor: AppArmor Filesystem Enabled
[    1.155050] pnp: PnP ACPI init
[    1.158776] pnp: PnP ACPI: found 3 devices
[    1.184190] clocksource: acpi_pm: mask: 0xffffff max_cycles: 0xffffff, max_idle_ns: 2085701024 ns
[    1.189079] NET: Registered protocol family 2
[    1.191746] TCP established hash table entries: 8192 (order: 4, 65536 bytes)
[    1.195029] TCP bind hash table entries: 8192 (order: 5, 131072 bytes)
[    1.198127] TCP: Hash tables configured (established 8192 bind 8192)
[    1.201123] UDP hash table entries: 512 (order: 2, 16384 bytes)
[    1.204169] UDP-Lite hash table entries: 512 (order: 2, 16384 bytes)
[    1.207310] NET: Registered protocol family 1
[    1.209012] pci 0000:00:00.0: Limiting direct PCI/PCI transfers
[    1.211019] pci 0000:00:01.0: Activating ISA DMA hang workarounds
[    1.212979] Unpacking initramfs...
[    1.690258] Freeing initrd memory: 14824K
[    1.692923] clocksource: tsc: mask: 0xffffffffffffffff max_cycles: 0x2717868ea45, max_idle_ns: 440795316085 ns
[    1.697398] platform rtc_cmos: registered platform RTC device (no PNP device found)
[    1.700588] Scanning for low memory corruption every 60 seconds
[    1.703167] audit: initializing netlink subsys (disabled)
[    1.705066] audit: type=2000 audit(1566042026.052:1): initialized
[    1.707459] Initialise system trusted keyring
[    1.709433] HugeTLB registered 2 MB page size, pre-allocated 0 pages
[    1.713817] zbud: loaded
[    1.715135] VFS: Disk quotas dquot_6.6.0
[    1.716930] VFS: Dquot-cache hash table entries: 512 (order 0, 4096 bytes)
[    1.719561] squashfs: version 4.0 (2009/01/31) Phillip Lougher
[    1.722034] fuse init (API version 7.23)
[    1.724423] Key type big_key registered
[    1.726006] Allocating IMA MOK and blacklist keyrings.
[    1.730949] Key type asymmetric registered
[    1.733178] Asymmetric key parser 'x509' registered
[    1.735731] Block layer SCSI generic (bsg) driver version 0.4 loaded (major 249)
[    1.738722] io scheduler noop registered
[    1.740083] io scheduler deadline registered (default)
[    1.741964] io scheduler cfq registered
[    1.743929] pci_hotplug: PCI Hot Plug PCI Core version: 0.5
[    1.745598] pciehp: PCI Express Hot Plug Controller Driver version: 0.4
[    1.748451] ACPI: AC Adapter [AC] (off-line)
[    1.750746] input: Power Button as /devices/LNXSYSTM:00/LNXPWRBN:00/input/input0
[    1.754130] ACPI: Power Button [PWRF]
[    1.755868] input: Sleep Button as /devices/LNXSYSTM:00/LNXSLPBN:00/input/input1
[    1.758922] ACPI: Sleep Button [SLPF]
[    1.761536] GHES: HEST is not enabled!
[    1.764393] ACPI: Battery Slot [BAT0] (battery present)
[    1.766312] Serial: 8250/16550 driver, 32 ports, IRQ sharing enabled
[    1.789939] 00:02: ttyS0 at I/O 0x3f8 (irq = 4, base_baud = 115200) is a 16550A
[    1.795861] Linux agpgart interface v0.103
[    1.801568] loop: module loaded
[    1.804646] scsi host0: ata_piix
[    1.806508] scsi host1: ata_piix
[    1.807806] ata1: PATA max UDMA/33 cmd 0x1f0 ctl 0x3f6 bmdma 0xd000 irq 14
[    1.810394] ata2: PATA max UDMA/33 cmd 0x170 ctl 0x376 bmdma 0xd008 irq 15
[    1.813579] libphy: Fixed MDIO Bus: probed
[    1.815069] tun: Universal TUN/TAP device driver, 1.6
[    1.817207] tun: (C) 1999-2004 Max Krasnyansky <maxk@qualcomm.com>
[    1.819735] PPP generic driver version 2.4.2
[    1.822587] ehci_hcd: USB 2.0 'Enhanced' Host Controller (EHCI) Driver
[    1.824809] ehci-pci: EHCI PCI platform driver
[    1.826450] ehci-platform: EHCI generic platform driver
[    1.828491] ohci_hcd: USB 1.1 'Open' Host Controller (OHCI) Driver
[    1.830575] ohci-pci: OHCI PCI platform driver
[    1.832192] ohci-platform: OHCI generic platform driver
[    1.834390] uhci_hcd: USB Universal Host Controller Interface driver
[    1.836189] i8042: PNP: PS/2 Controller [PNP0303:PS2K,PNP0f03:PS2M] at 0x60,0x64 irq 1,12
[    1.840444] serio: i8042 KBD port at 0x60,0x64 irq 1
[    1.841781] serio: i8042 AUX port at 0x60,0x64 irq 12
[    1.843283] mousedev: PS/2 mouse device common for all mice
[    1.845202] rtc_cmos rtc_cmos: rtc core: registered rtc_cmos as rtc0
[    1.846882] input: AT Translated Set 2 keyboard as /devices/platform/i8042/serio0/input/input2
[    1.849382] rtc_cmos rtc_cmos: alarms up to one day, 114 bytes nvram
[    1.851026] i2c /dev entries driver
[    1.852845] device-mapper: uevent: version 1.0.3
[    1.854119] device-mapper: ioctl: 4.34.0-ioctl (2015-10-28) initialised: dm-devel@redhat.com
[    1.856427] ledtrig-cpu: registered to indicate activity on CPUs
[    1.858876] NET: Registered protocol family 10
[    1.860371] NET: Registered protocol family 17
[    1.861581] Key type dns_resolver registered
[    1.863184] registered taskstats version 1
[    1.864403] Loading compiled-in X.509 certificates
[    1.866747] Loaded X.509 cert 'Build time autogenerated kernel key: 3e01e6df98386236d59670e6b2ed19a044d5324e'
[    1.869920] zswap: loaded using pool lzo/zbud
[    1.874804] Key type trusted registered
[    1.882907] Key type encrypted registered
[    1.884357] AppArmor: AppArmor sha1 policy hashing enabled
[    1.886269] ima: No TPM chip found, activating TPM-bypass!
[    1.888168] ima: Allocated hash algorithm: sha1
[    1.889794] evm: HMAC attrs: 0x1
[    1.892069]   Magic number: 15:587:681
[    1.893657] rtc_cmos rtc_cmos: setting system clock to 2019-08-17 11:40:20 UTC (1566042020)
[    1.897393] BIOS EDD facility v0.16 2004-Jun-25, 0 devices found
[    1.899577] EDD information not available.
[    1.970968] Freeing unused kernel memory: 1484K
[    1.975318] Write protecting the kernel read-only data: 14336k
[    1.982991] Freeing unused kernel memory: 1612K
[    1.988209] Freeing unused kernel memory: 64K
Loading, please wait...
starting version 229
[    2.039905] random: systemd-udevd: uninitialized urandom read (16 bytes read, 3 bits of entropy available)
[    2.041610] random: udevadm: uninitialized urandom read (16 bytes read, 3 bits of entropy available)
[    2.041665] random: udevadm: uninitialized urandom read (16 bytes read, 3 bits of entropy available)
[    2.074461] random: systemd-udevd: uninitialized urandom read (16 bytes read, 3 bits of entropy available)
[    2.082294] random: udevadm: uninitialized urandom read (16 bytes read, 3 bits of entropy available)
[    2.082381] random: udevadm: uninitialized urandom read (16 bytes read, 3 bits of entropy available)
[    2.082755] random: udevadm: uninitialized urandom read (16 bytes read, 3 bits of entropy available)
[    2.082868] random: udevadm: uninitialized urandom read (16 bytes read, 3 bits of entropy available)
[    2.083044] random: udevadm: uninitialized urandom read (16 bytes read, 3 bits of entropy available)
[    2.083216] random: udevadm: uninitialized urandom read (16 bytes read, 3 bits of entropy available)
[    2.179495] e1000: Intel(R) PRO/1000 Network Driver - version 7.3.21-k8-NAPI
[    2.183347] e1000: Copyright (c) 1999-2006 Intel Corporation.
[    2.186220] Fusion MPT base driver 3.04.20
[    2.189010] Copyright (c) 1999-2008 LSI Corporation
[    2.197395] Fusion MPT SPI Host driver 3.04.20
[    2.242350] AVX2 version of gcm_enc/dec engaged.
[    2.244535] AES CTR mode by8 optimization enabled
[    2.432391] input: ImExPS/2 Generic Explorer Mouse as /devices/platform/i8042/serio1/input/input4
[    2.733184] e1000 0000:00:03.0 eth0: (PCI:33MHz:32-bit) 02:c2:66:bb:16:6d
[    2.738213] e1000 0000:00:03.0 eth0: Intel(R) PRO/1000 Network Connection
[    2.743138] mptbase: ioc0: Initiating bringup
[    3.388390] ioc0: LSI53C1030 A0: Capabilities={Initiator}
[    4.646687] scsi host2: ioc0: LSI53C1030 A0, FwRev=00000000h, Ports=1, MaxQ=256, IRQ=20
[    4.859249] scsi 2:0:0:0: Direct-Access     VBOX     HARDDISK         1.0  PQ: 0 ANSI: 5
[    4.875870] scsi target2:0:0: Beginning Domain Validation
[    4.889399] scsi target2:0:0: Domain Validation skipping write tests
[    4.896533] scsi target2:0:0: Ending Domain Validation
[    4.922497] scsi target2:0:0: asynchronous
[    4.958977] scsi 2:0:1:0: Direct-Access     VBOX     HARDDISK         1.0  PQ: 0 ANSI: 5
[    4.963390] scsi target2:0:1: Beginning Domain Validation
[    4.969640] scsi target2:0:1: Domain Validation skipping write tests
[    4.972916] scsi target2:0:1: Ending Domain Validation
[    4.976029] scsi target2:0:1: asynchronous
[    5.003487] sd 2:0:0:0: Attached scsi generic sg0 type 0
[    5.005469] sd 2:0:0:0: [sda] 20971520 512-byte logical blocks: (10.7 GB/10.0 GiB)
[    5.006019] sd 2:0:0:0: [sda] Write Protect is off
[    5.006200] sd 2:0:0:0: [sda] Incomplete mode parameter data
[    5.006202] sd 2:0:0:0: [sda] Assuming drive cache: write through
[    5.039642] sd 2:0:1:0: Attached scsi generic sg1 type 0
[    5.042083] sd 2:0:1:0: [sdb] 20480 512-byte logical blocks: (10.5 MB/10.0 MiB)
[    5.045090] sd 2:0:1:0: [sdb] Write Protect is off
[    5.047188] sd 2:0:1:0: [sdb] Incomplete mode parameter data
[    5.048631] sd 2:0:1:0: [sdb] Assuming drive cache: write through
[    5.050882]  sda: sda1
[    5.052931] sd 2:0:0:0: [sda] Attached SCSI disk
[    5.056579] sd 2:0:1:0: [sdb] Attached SCSI disk
[    5.394156] e1000 0000:00:08.0 eth1: (PCI:33MHz:32-bit) 08:00:27:52:0b:4d
[    5.397968] e1000 0000:00:08.0 eth1: Intel(R) PRO/1000 Network Connection
[    5.403743] e1000 0000:00:08.0 enp0s8: renamed from eth1
[    5.419285] e1000 0000:00:03.0 enp0s3: renamed from eth0
Begin: Loading essential drivers ... [    7.338014] md: linear personality registered for level -1
[    7.342536] md: multipath personality registered for level -4
[    7.348604] md: raid0 personality registered for level 0
[    7.354880] md: raid1 personality registered for level 1
[    7.430546] raid6: sse2x1   gen()  7460 MB/s
[    7.498842] raid6: sse2x1   xor()  4518 MB/s
[    7.567173] raid6: sse2x2   gen()  7746 MB/s
[    7.634577] raid6: sse2x2   xor()  3744 MB/s
[    7.702838] raid6: sse2x4   gen()  5494 MB/s
[    7.771204] raid6: sse2x4   xor()  4309 MB/s
[    7.838636] raid6: avx2x1   gen()  9455 MB/s
[    7.906805] raid6: avx2x2   gen()  9915 MB/s
[    7.975123] raid6: avx2x4   gen() 16009 MB/s
[    7.976629] raid6: using algorithm avx2x4 gen() 16009 MB/s
[    7.978659] raid6: using avx2x2 recovery algorithm
[    7.983204] xor: automatically using best checksumming function:
[    8.022543]    avx       : 14708.000 MB/sec
[    8.029918] async_tx: api initialized (async)
[    8.069304] md: raid6 personality registered for level 6
[    8.074949] md: raid5 personality registered for level 5
[    8.079058] md: raid4 personality registered for level 4
[    8.094751] md: raid10 personality registered for level 10
done.
Begin: Running /scripts/init-premount ... done.
Begin: Mounting root file system ... Begin: Running /scripts/local-top ... done.
Begin: Running /scripts/local-premount ... [    8.165890] Btrfs loaded
Scanning for Btrfs filesystems
done.
Warning: fsck not present, so skipping root file system
[    8.248687] EXT4-fs (sda1): mounted filesystem with ordered data mode. Opts: (null)
done.
Begin: Running /scripts/local-bottom ... done.
Begin: Running /scripts/init-bottom ... done.
[    8.560989] systemd[1]: systemd 229 running in system mode. (+PAM +AUDIT +SELINUX +IMA +APPARMOR +SMACK +SYSVINIT +UTMP +LIBCRYPTSETUP +GCRYPT +GNUTLS +ACL +XZ -LZ4 +SECCOMP +BLKID +ELFUTILS +KMOD -IDN)
[    8.580335] systemd[1]: Detected virtualization oracle.
[    8.588371] systemd[1]: Detected architecture x86-64.

Welcome to [1mUbuntu 16.04.6 LTS[0m!

[    8.607759] systemd[1]: Set hostname to <ubuntu>.
[    8.616143] systemd[1]: Initializing machine ID from random generator.
[    8.619330] systemd[1]: Installed transient /etc/machine-id file.
[    8.944834] systemd[1]: Set up automount Arbitrary Executable File Formats File System Automount Point.
[[0;32m  OK  [0m] Set up automount Arbitrary Executab...ats File System Automount Point.
[    8.956928] systemd[1]: Listening on Syslog Socket.
[[0;32m  OK  [0m] Listening on Syslog Socket.
[    8.961804] systemd[1]: Reached target User and Group Name Lookups.
[[0;32m  OK  [0m] Reached target User and Group Name Lookups.
[    8.969464] systemd[1]: Listening on udev Kernel Socket.
[[0;32m  OK  [0m] Listening on udev Kernel Socket.
[    8.976749] systemd[1]: Listening on LVM2 poll daemon socket.
[[0;32m  OK  [0m] Listening on LVM2 poll daemon socket.
[    8.984997] systemd[1]: Listening on Device-mapper event daemon FIFOs.
[[0;32m  OK  [0m] Listening on Device-mapper event daemon FIFOs.
[    8.992860] systemd[1]: Started Forward Password Requests to Wall Directory Watch.
[[0;32m  OK  [0m] Started Forward Password Requests to Wall Directory Watch.
[    9.001681] systemd[1]: Started Trigger resolvconf update for networkd DNS.
[[0;32m  OK  [0m] Started Trigger resolvconf update for networkd DNS.
[    9.008661] systemd[1]: Listening on /dev/initctl Compatibility Named Pipe.
[[0;32m  OK  [0m] Listening on /dev/initctl Compatibility Named Pipe.
[    9.014221] systemd[1]: Reached target Encrypted Volumes.
[[0;32m  OK  [0m] Reached target Encrypted Volumes.
[    9.017804] systemd[1]: Listening on udev Control Socket.
[[0;32m  OK  [0m] Listening on udev Control Socket.
[    9.021930] systemd[1]: Created slice User and Session Slice.
[[0;32m  OK  [0m] Created slice User and Session Slice.
[    9.030979] systemd[1]: Listening on Journal Audit Socket.
[[0;32m  OK  [0m] Listening on Journal Audit Socket.
[    9.039949] systemd[1]: Reached target Swap.
[[0;32m  OK  [0m] Reached target Swap.
[    9.042896] systemd[1]: Reached target System Time Synchronized.
[[0;32m  OK  [0m] Reached target System Time Synchronized.
[    9.051290] systemd[1]: Listening on Journal Socket.
[[0;32m  OK  [0m] Listening on Journal Socket.
[    9.055152] systemd[1]: Listening on LVM2 metadata daemon socket.
[[0;32m  OK  [0m] Listening on LVM2 metadata daemon socket.
[    9.068465] systemd[1]: Created slice System Slice.
[[0;32m  OK  [0m] Created slice System Slice.
[    9.079706] systemd[1]: Reached target Slices.
[[0;32m  OK  [0m] Reached target Slices.
[    9.099382] systemd[1]: Starting Monitoring of LVM2 mirrors, snapshots etc. using dmeventd or progress polling...
         Starting Monitoring of LVM2 mirrors... dmeventd or progress polling...
[    9.108531] systemd[1]: Starting Remount Root and Kernel File Systems...
         Starting Remount Root and Kernel File Systems...
[    9.115874] systemd[1]: Created slice system-serial\x2dgetty.slice.
[[0;32m  OK  [0m] Created slice system-serial\x2dgetty.slice.
[    9.120266] EXT4-fs (sda1): re-mounted. Opts: (null)
[    9.120588] systemd[1]: Starting Nameserver information manager...
         Starting Nameserver information manager...
[    9.126996] systemd[1]: Mounting Huge Pages File System...
         Mounting Huge Pages File System...
[    9.137086] systemd[1]: Mounting POSIX Message Queue File System...
         Mounting POSIX Message Queue File System...
[    9.142326] systemd[1]: Starting Uncomplicated firewall...
         Starting Uncomplicated firewall...
[    9.146214] systemd[1]: Mounting Debug File System...
         Mounting Debug File System...
[    9.152837] systemd[1]: Starting Load Kernel Modules...
         Starting Load Kernel Modules...
[    9.156214] systemd[1]: Starting Create list of required static device nodes for the current kernel...
         Starting Create list of required st... nodes for the current kernel...
[    9.166550] systemd[1]: Starting Set console keymap...
         Starting Set console keymap...
[    9.169800] systemd[1]: Listening on Journal Socket (/dev/log).
[[0;32m  OK  [0m] Listening on Journal Socket (/dev/log).
[    9.175345] systemd[1]: Starting Journal Service...
[    9.177220] Loading iSCSI transport class v2.0-870.
         Starting Journal Service...
[    9.182070] systemd[1]: Mounted Huge Pages File System.
[[0;32m  OK  [0m] Mounted Huge Pages File System.
[    9.185975] systemd[1]: Mounted Debug File System.
[[0;32m  OK  [0m] Mounted Debug File System.
[    9.193555] systemd[1]: Mounted POSIX Message Queue File System.
[[0;32m  OK  [0m] Mounted POSIX Message Queue File System.
[    9.197265] iscsi: registered transport (tcp)
[    9.198100] systemd[1]: Started Remount Root and Kernel File Systems.
[[0;32m  OK  [0m] Started Remount Root and Kernel File Systems.
[    9.236402] systemd[1]: Started Uncomplicated firewall.
[[0;32m  OK  [0m] Started Uncomplicated firewall.
[    9.243264] systemd[1]: Started Create list of required static device nodes for the current kernel.
[[0;32m  OK  [0m] Started Creat[    9.248426] iscsi: registered transport (iser)
e list of required sta...ce nodes for the current kernel.
[    9.251677] systemd[1]: Started Load Kernel Modules.
[[0;32m  OK  [0m] Started Load Kernel Modules.
[    9.254730] systemd[1]: Started Journal Service.
[[0;32m  OK  [0m] Started Journal Service.
[[0;32m  OK  [0m] Started Nameserver information manager.
[[0;32m  OK  [0m] Started LVM2 metadata daemon.
         Mounting FUSE Control File System...
         Starting Apply Kernel Variables...
         Starting Create Static Device Nodes in /dev...
         [    9.382921] random: nonblocking pool is initialized
Starting Flush Journal to Persistent Storage...
         Starting Load/Save Random Seed...
         Starting udev Coldplug all Devices...
[[0;32m  OK  [0m] Mounted FUSE Control File System.
[[0;32m  OK  [0m] Started Set console keymap.
[[0;32m  OK  [0m] Started Load/Save Random Seed.
[[0;32m  OK  [0m] Started Apply Kernel Variables.
[[0;32m  OK  [0m] Started Create Static Device Nodes in /dev.
[[0;32m  OK  [0m] Started Flush Journal to Persistent Storage.
[[0;32m  OK  [0m] Started udev Coldplug all Devices.
         Starting udev Kernel Device Manager...
[[0;32m  OK  [0m] Started udev Kernel Device Manager.
[[0;32m  OK  [0m] Started Dispatch Password Requests to Console Directory Watch.
[[0;32m  OK  [0m] Started Monitoring of LVM2 mirrors,...ng dmeventd or progress polling.
[[0;32m  OK  [0m] Reached target Local File Systems (Pre).
[[0;32m  OK  [0m] Reached target Local File Systems.
         Starting Initial cloud-init job (pre-networking)...
         Starting Commit a transient machine-id on disk...
         Starting Set console font and keymap...
         Starting LSB: AppArmor initialization...
         Starting Tell Plymouth To Write Out Runtime Data...
         Starting Create Volatile Files and Directories...
[[0;32m  OK  [0m] Started Commit a transient machine-id on disk.
[[0;32m  OK  [0m] Started Tell Plymouth To Write Out Runtime Data.
[[0;32m  OK  [0m] Started Create Volatile Files and Directories.
         Starting Update UTMP about System Boot/Shutdown...
[[0;32m  OK  [0m] Started Update UTMP about System Boot/Shutdown.
[[0;32m  OK  [0m] Found device /dev/ttyS0.
[[0;32m  OK  [0m] Listening on Load/Save RF Kill Switch Status /dev/rfkill Watch.
[   11.736335] cloud-init[478]: Cloud-init v. 19.1-1-gbaa47854-0ubuntu1~16.04.1 running 'init-local' at Sat, 17 Aug 2019 11:40:30 +0000. Up 10.89 seconds.
[[0;32m  OK  [0m] Started Initial cloud-init job (pre-networking).
[[0;32m  OK  [0m] Reached target Network (Pre).
[[0;32m  OK  [0m] Started LSB: AppArmor initialization.
         Starting Raise network interfaces...
[[0;32m  OK  [0m] Started Set console font and keymap.
[[0;32m  OK  [0m] Created slice system-getty.slice.
[[0;32m  OK  [0m] Started Raise network interfaces.
         Starting Initial cloud-init job (metadata service crawler)...
[[0;32m  OK  [0m] Reached target Network.
[   15.753426] cloud-init[962]: Cloud-init v. 19.1-1-gbaa47854-0ubuntu1~16.04.1 running 'init' at Sat, 17 Aug 2019 11:40:33 +0000. Up 14.57 seconds.
[   15.756622] cloud-init[962]: ci-info: ++++++++++++++++++++++++++++++++++++++Net device info+++++++++++++++++++++++++++++++++++++++
[   15.758987] cloud-init[962]: ci-info: +--------+-------+----------------------------+---------------+--------+-------------------+
[   15.761890] cloud-init[962]: ci-info: | Device |   Up  |          Address           |      Mask     | Scope  |     Hw-Address    |
[   15.764320] cloud-init[962]: ci-info: +--------+-------+----------------------------+---------------+--------+-------------------+
[   15.767554] cloud-init[962]: ci-info: | enp0s3 |  True |         10.0.2.15          | 255.255.255.0 | global | 02:c2:66:bb:16:6d |
[   15.770133] cloud-init[962]: ci-info: | enp0s3 |  True | fe80::c2:66ff:febb:166d/64 |       .       |  link  | 02:c2:66:bb:16:6d |
[   15.772554] cloud-init[962]: ci-info: | enp0s8 | False |             .              |       .       |   .    | 08:00:27:52:0b:4d |
[   15.774789] cloud-init[962]: ci-info: |   lo   |  True |         127.0.0.1          |   255.0.0.0   |  host  |         .         |
[   15.778702] cloud-init[962]: ci-info: |   lo   |  True |          ::1/128           |       .       |  host  |         .         |
[   15.782395] cloud-init[962]: ci-info: +--------+-------+----------------------------+---------------+--------+-------------------+
[   15.786690] cloud-init[962]: ci-info: +++++++++++++++++++++++++++Route IPv4 info++++++++++++++++++++++++++++
[   15.789352] cloud-init[962]: ci-info: +-------+-------------+----------+---------------+-----------+-------+
[   15.792047] cloud-init[962]: ci-info: | Route | Destination | Gateway  |    Genmask    | Interface | Flags |
[   15.794543] cloud-init[962]: ci-info: +-------+-------------+----------+---------------+-----------+-------+
[   15.796527] cloud-init[962]: ci-info: |   0   |   0.0.0.0   | 10.0.2.2 |    0.0.0.0    |   enp0s3  |   UG  |
[   15.798604] cloud-init[962]: ci-info: |   1   |   10.0.2.0  | 0.0.0.0  | 255.255.255.0 |   enp0s3  |   U   |
[   15.800434] cloud-init[962]: ci-info: +-------+-------------+----------+---------------+-----------+-------+
[   15.802726] cloud-init[962]: ci-info: +++++++++++++++++++Route IPv6 info+++++++++++++++++++
[   15.804738] cloud-init[962]: ci-info: +-------+-------------+---------+-----------+-------+
[   15.806651] cloud-init[962]: ci-info: | Route | Destination | Gateway | Interface | Flags |
[   15.808731] cloud-init[962]: ci-info: +-------+-------------+---------+-----------+-------+
[   15.810885] cloud-init[962]: ci-info: |   0   |  fe80::/64  |    ::   |   enp0s3  |   U   |
[   15.812765] cloud-init[962]: ci-info: |   4   |   ff00::/8  |    ::   |   enp0s3  |   U   |
[   15.814600] cloud-init[962]: ci-info: +-------+-------------+---------+-----------+-------+
[   15.816730] cloud-init[962]: Generating public/private rsa key pair.
[   15.819444] cloud-init[962]: Your identification has been saved in /etc/ssh/ssh_host_rsa_key.[[0;32m  OK  [0m] Started Initial cloud-init job (metadata service crawler).
[[0;32m  OK  [0m] Reached target Network is Online.

[   15.823728] cloud-init[962]: Your public key has been saved in /etc/ssh/ssh_host_rsa_key.pub.
[   15.832837] cloud-init[962]: The key fingerprint is:
[   15.833207] cloud-init[962]: SHA256:Jb27koJnj+4XDM3b4O/OJMYrSIQlyO6ZuQQM6+cgTlg root@ubuntu-xenial
[   15.834138] cloud-init[962]: The key's randomart image is:
[   15.834800] cloud-init[962]: +---[RSA 2048]----+
[   15.835033] cloud-init[962]: |..               |
[   15.835653] cloud-init[962]: |o.. .    .       |
[   15.836564] cloud-init[962]: |+. +   o. o      |
[   15.837450] cloud-init[962]: |ooE . . +o .     |
[   15.838364] cloud-init[962]: |=.+.   +S+.      |
[   15.839220] cloud-init[962]: |oX ..  .= ..     |
[   15.840473] cloud-init[962]: |= =. o  ++o      |
[   15.841009] cloud-init[962]: | o .o =o+=..     |
[   15.841257] cloud-init[962]: |     =+=o+=      |
[   15.841834] cloud-init[962]: +----[SHA256]-----+
[   15.842703] cloud-init[962]: Generating public/private dsa key pair.
[   15.843588] cloud-init[962]: Your identification has been saved in /etc/ssh/ssh_host_dsa_key.
[   15.844992] cloud-init[962]: Your public key has been saved in /etc/ssh/ssh_host_dsa_key.pub.
[   15.845524] cloud-init[962]: The key fingerprint is:
         Starting iSCSI initiator daemon (iscsid)...
[   15.845610] cloud-init[962]: SHA256:CyTDXXfefBH1P6v8QHeEYMDmmglut5I45HlxlAqBf74 root@ubuntu-xenial
[   15.856673] cloud-init[962]: The key's randomart image is:
[   15.860421] [[0;32m  OK  [0m] Reached target Cloud-config availability.
[[0;32m  OK  [0m] Reached target System Initialization.
[[0;32m  OK  [0m] Started Daily apt download activities.
[[0;32m  OK  [0m] Listening on ACPID Listen Socket.
         Starting Socket activation for snappy daemon.
[[0;32m  OK  [0m] Listening on UUID daemon activation socket.
[[0;32m  OK  [0m] Listening on D-Bus System Message Bus Socket.
[[0;32m  OK  [0m] Started Daily apt upgrade and clean activities.
[[0;32m  OK  [0m] Started Daily Cleanup of Temporary Directories.
cloud-init[962]:          Starting LXD - unix socket.
[[0;32m  OK  [0m] Reached target Timers.
+---[DSA 1024]----+
[   15.872582] [[0;32m  OK  [0m] Started ACPI Events Check.
[[0;32m  OK  [0m] Reached target Paths.
[[0;32m  OK  [0m] Listening on Socket activation for snappy daemon.
cloud-init[962]: |   .    ..o.+  o+|
[   15.880622] [[0;32m  OK  [0m] Listening on LXD - unix socket.
cloud-init[962]: |  .... . .o+ + .o|
[[0;32m  OK  [0m] Reached target Sockets.
[[0;32m  OK  [0m] Reached target Basic System.
[   15.884532] cloud-init[962]: |   .+.o  +  . + +|
[[0;32m  OK  [0m] Started Regular background program processing daemon.
[   15.891133] [[0;32m  OK  [0m] Started D-Bus System Message Bus.
cloud-init[962]: |    o+o o .    o.|
[   15.900622] cloud-init[962]: |     =.+S+   . oo|
[   15.901993] cloud-init[962]: |    . *.*.  . . +|
[   15.903591] cloud-init[962]: |   o + *..   . . |
[   15.905030] cloud-init[962]: |    = E .   . o  |
[   15.907244] cloud-init[962]: |     o .     o.. |
[   15.910799] cloud-init[962]: +----[SHA256]-----+
[   15.912966] cloud-init[962]: Generating public/private ecdsa key pair.
[   15.915898] cloud-init[962]: Your identification has been saved in /etc/ssh/ssh_host_ecdsa_key.
[   15.920584] cloud-init[962]: Your public key has been saved in /etc/ssh/ssh_host_ecdsa_key.pub.
[   15.923942] cloud-init[962]: The key fingerprint is:
[   15.925714] cloud-init[962]: SHA256:Kz6eIx4drAoQ0I7ko6dVHwmdJhUooeBhVqrYllN1P7Q root@ubuntu-xenial
[   15.928507] cloud-init[962]: The key's randomart image is:
[   15.931313] cloud-init[962]: +---[ECDSA 256]---+
[   15.933448] cloud-init[962]: |o=oo ++o. .      |
[   15.935150] cloud-init[962]: |*o= +.+. o .     |
[   15.937363] cloud-init[962]: |== ..+ .  E      |
[   15.939302] cloud-init[962]: |+=.o..o    .     |
[   15.940981] cloud-init[962]: |= *. .o.S        |
[   15.942794] cloud-init[962]: |o.o. o.. .       |
[   15.947011] cloud-init[962]: |.+  o o .        |
[   15.948579] cloud-init[962]: |.. ..ooo         |
[   15.960260] [[0;32m  OK  [0m] Started ACPI event daemon.
cloud-init[962]: |  ...o+o         |
[   15.963185] cloud-init[962]: +----[SHA256]-----+
[   15.964853] cloud-init[962]: Generating public/private ed25519 key pair.
         Starting LSB: MD monitoring daemon...
[   15.967175] cloud-init[962]: [[0;32m  OK  [0m] Started Deferred execution scheduler.
         Starting Virtualbox guest utils...
Your identification has been saved in /etc/ssh/ssh_host_ed25519_key.
         Starting LSB: Record successful boot for GRUB...
[   15.974217] cloud-init         Starting Accounts Service...
[962]: Your public key has been saved in /etc/ssh/ssh_host_ed25519_key.pub.         Starting Login Service...

         Starting Pollinate to seed the pseudo random number generator...
         Starting LXD - container startup/shutdown...
[[0;32m  OK  [0m] Started FUSE filesystem for LXC.
         Starting /etc/rc.local Compatibility...
[   16.009195]          Starting System Logging Service...
cloud-init[962]: The key fingerprint is:
[   16.014637] cloud-init[962]:          Starting Snappy daemon...
[[0;32m  OK  [0m] Started iSCSI initiator daemon (iscsid).
[[0;32m  OK  [0m] Started /etc/rc.local Compatibility.
SHA256:gRUK2/FBbYs6e5FRL34tEeWlvKfdZawAmt7K2R/tCRI root@ubuntu-xenial
[   16.025003] cloud-init[962]: The key's randomart image is:
[   16.030151] cloud-init[962]: +--[ED25519 256]--+
[   16.032614] cloud-init[962]: |    . ..=o   .. .|
[   16.035163] cloud-init[962]: |     + * .+ .o o |
[   16.037581] cloud-init[962]: |    . + o+.o .+  |
[   16.039256] cloud-init[962]: |        o+o.o  o |
[   16.049737] cloud-init[962]: |       .S+E..o. =|
[   16.052441] cloud-init[962]: |      o.o...oo.*o|
[   16.053768] cloud-init[962]: |       o..o.o.+ o|
[   16.060513] cloud-init[962]: |      ...+ . + . |
[   16.063014] cloud-init[962]: |       .+ ... o  |
[   16.064799] cloud-init[962]: +----[SHA256]-----+
         Starting Login to default iSCSI targets...
[[0;32m  OK  [0m] Started Login Service.
[[0;32m  OK  [0m] Started Unattended Upgrades Shutdown.
[[0;32m  OK  [0m] Started System Logging Service.
[[0;32m  OK  [0m] Started LSB: MD monitoring daemon.
[[0;32m  OK  [0m] Started LSB: Record successful boot for GRUB.
[[0;32m  OK  [0m] Started Login to default iSCSI targets.
[[0;32m  OK  [0m] Reached target Remote File Systems (Pre).
[[0;32m  OK  [0m] Reached target Remote File Systems.
         Starting LSB: daemon to balance interrupts for SMP systems...
         Starting LSB: automatic crash report generation...
         Starting Permit User Sessions...
         Starting LSB: Set the CPU Frequency Scaling governor to "ondemand"...
[[0;32m  OK  [0m] Started Permit User Sessions.
         Starting Hold until boot process finishes up...
         Starting Terminate Plymouth Boot Screen...
         Starting Authenticate and Authorize Users to Run Privileged Tasks...
[[0;32m  OK  [0m] Started LSB: Set the CPU Frequency Scaling governor to "ondemand".
[[0;32m  OK  [0m] Started Virtualbox guest utils.
[[0;32m  OK  [0m] Started Hold until boot process finishes up.
[[0;32m  OK  [0m] Started LSB: automatic crash report generation.
[[0;32m  OK  [0m] Started LXD - container startup/shutdown.
[[0;32m  OK  [0m] Started LSB: daemon to balance interrupts for SMP systems.
[[0;32m  OK  [0m] Started Terminate Plymouth Boot Screen.
[[0;32m  OK  [0m] Started Authenticate and Authorize Users to Run Privileged Tasks.
[[0;32m  OK  [0m] Started Accounts Service.
         Starting Set console scheme...
[[0;32m  OK  [0m] Started Getty on tty1.
[[0;32m  OK  [0m] Started Serial Getty on ttyS0.
[[0;32m  OK  [0m] Reached target Login Prompts.
[[0;32m  OK  [0m] Started Set console scheme.
[[0;32m  OK  [0m] Started Snappy daemon.
         Starting Wait until snapd is fully seeded...
[[0;32m  OK  [0m] Started Pollinate to seed the pseudo random number generator.
         Starting OpenBSD Secure Shell server...
[[0;32m  OK  [0m] Started OpenBSD Secure Shell server.
[[0;32m  OK  [0m] Created slice User Slice of vagrant.
         Starting User Manager for UID 1000...
[[0;32m  OK  [0m] Started Session 1 of user vagrant.
[[0;32m  OK  [0m] Started User Manager for UID 1000.
[[0;32m  OK  [0m] Started Wait until snapd is fully seeded.
         Starting Apply the settings specified in cloud-config...
[[0;32m  OK  [0m] Reached target Multi-User System.
[[0;32m  OK  [0m] Reached target Graphical Interface.
         Starting Update UTMP about System Runlevel Changes...
[[0;32m  OK  [0m] Started Update UTMP about System Runlevel Changes.
[   19.857227] cloud-init[1395]: Generating locales (this might take a while)...
[   21.532151] cloud-init[1395]:   en_US.UTF-8... done
[   21.536131] cloud-init[1395]: Generation complete.
[   22.045387] cloud-init[1395]: Cloud-init v. 19.1-1-gbaa47854-0ubuntu1~16.04.1 running 'modules:config' at Sat, 17 Aug 2019 11:40:38 +0000. Up 19.59 seconds.

Ubuntu 16.04.6 LTS ubuntu-xenial ttyS0

ubuntu-xenial login: ci-info: no authorized ssh keys fingerprints found for user ubuntu.
<14>Aug 17 11:40:42 ec2: 
<14>Aug 17 11:40:42 ec2: #############################################################
<14>Aug 17 11:40:42 ec2: -----BEGIN SSH HOST KEY FINGERPRINTS-----
<14>Aug 17 11:40:42 ec2: 1024 SHA256:CyTDXXfefBH1P6v8QHeEYMDmmglut5I45HlxlAqBf74 root@ubuntu-xenial (DSA)
<14>Aug 17 11:40:42 ec2: 256 SHA256:Kz6eIx4drAoQ0I7ko6dVHwmdJhUooeBhVqrYllN1P7Q root@ubuntu-xenial (ECDSA)
<14>Aug 17 11:40:42 ec2: 256 SHA256:gRUK2/FBbYs6e5FRL34tEeWlvKfdZawAmt7K2R/tCRI root@ubuntu-xenial (ED25519)
<14>Aug 17 11:40:42 ec2: 2048 SHA256:Jb27koJnj+4XDM3b4O/OJMYrSIQlyO6ZuQQM6+cgTlg root@ubuntu-xenial (RSA)
<14>Aug 17 11:40:42 ec2: -----END SSH HOST KEY FINGERPRINTS-----
<14>Aug 17 11:40:42 ec2: #############################################################
-----BEGIN SSH HOST KEY KEYS-----
ecdsa-sha2-nistp256 AAAAE2VjZHNhLXNoYTItbmlzdHAyNTYAAAAIbmlzdHAyNTYAAABBBCscFfC+3MRJAQgp6IKc/IJ9PqOJzl1fJ0rZliQ+XMqhFFBq6HtNqizhJd2LZS2Q+K01Lu/F9IT8DBURk30+Nb8= root@ubuntu-xenial
ssh-ed25519 AAAAC3NzaC1lZDI1NTE5AAAAIK3KpVTuVQq7HanjoIlpGC1dLz/sfOjVaPSkdhbeRB4n root@ubuntu-xenial
ssh-rsa AAAAB3NzaC1yc2EAAAADAQABAAABAQDG2JooejDTGyPfSScV9EyUGNFDoatgvF11lVmEOcVrmJ/OaXx6F2B+GDuIQWwqZEVpxgZwkDwR9WC5nrcEMgkP/B4Q4iEdIFwarXGVWu5oImIYPcLOokYrHn+5dOykRwH7udD/L75ocThlrOEcLlNeffHnJ/0lDp/JmWGItNyOW/h4RtZ5lRyNu7oxIgn7Mk3QAZ/ZBvY6faZUCSa/YDGSGCGyvqnsk88HlL2DoMFFmN4936AeBbAoRcv98nVSj/nxhigCUZlEtUwaZ4U6KvbQHvgW1vISMKJMxskqRl2fTKz4hDllmSudFvMUiV2j7eYuQSCW5ujI14sMkpFP6/EF root@ubuntu-xenial
-----END SSH HOST KEY KEYS-----
[   23.084973] cloud-init[1567]: Cloud-init v. 19.1-1-gbaa47854-0ubuntu1~16.04.1 running 'modules:final' at Sat, 17 Aug 2019 11:40:41 +0000. Up 22.74 seconds.
[   23.101998] cloud-init[1567]: ci-info: no authorized ssh keys fingerprints found for user ubuntu.
[   23.105357] cloud-init[1567]: Cloud-init v. 19.1-1-gbaa47854-0ubuntu1~16.04.1 finished at Sat, 17 Aug 2019 11:40:42 +0000. Datasource DataSourceNoCloud [seed=/dev/sdb][dsmode=net].  Up 23.05 seconds
