[    0.000000] Initializing cgroup subsys cpuset
[    0.000000] Initializing cgroup subsys cpu
[    0.000000] Initializing cgroup subsys cpuacct
[    0.000000] Linux version 4.4.0-157-generic (buildd@lgw01-amd64-037) (gcc version 5.4.0 20160609 (Ubuntu 5.4.0-6ubuntu1~16.04.10) ) #185-Ubuntu SMP Tue Jul 23 09:17:01 UTC 2019 (Ubuntu 4.4.0-157.185-generic 4.4.181)
[    0.000000] Command line: BOOT_IMAGE=/boot/vmlinuz-4.4.0-157-generic root=LABEL=cloudimg-rootfs ro console=tty1 console=ttyS0
[    0.000000] KERNEL supported cpus:
[    0.000000]   Intel GenuineIntel
[    0.000000]   AMD AuthenticAMD
[    0.000000]   Centaur CentaurHauls
[    0.000000] x86/fpu: xstate_offset[2]:  576, xstate_sizes[2]:  256
[    0.000000] x86/fpu: Supporting XSAVE feature 0x01: 'x87 floating point registers'
[    0.000000] x86/fpu: Supporting XSAVE feature 0x02: 'SSE registers'
[    0.000000] x86/fpu: Supporting XSAVE feature 0x04: 'AVX registers'
[    0.000000] x86/fpu: Enabled xstate features 0x7, context size is 832 bytes, using 'standard' format.
[    0.000000] e820: BIOS-provided physical RAM map:
[    0.000000] BIOS-e820: [mem 0x0000000000000000-0x000000000009fbff] usable
[    0.000000] BIOS-e820: [mem 0x000000000009fc00-0x000000000009ffff] reserved
[    0.000000] BIOS-e820: [mem 0x00000000000f0000-0x00000000000fffff] reserved
[    0.000000] BIOS-e820: [mem 0x0000000000100000-0x000000003ffeffff] usable
[    0.000000] BIOS-e820: [mem 0x000000003fff0000-0x000000003fffffff] ACPI data
[    0.000000] BIOS-e820: [mem 0x00000000fec00000-0x00000000fec00fff] reserved
[    0.000000] BIOS-e820: [mem 0x00000000fee00000-0x00000000fee00fff] reserved
[    0.000000] BIOS-e820: [mem 0x00000000fffc0000-0x00000000ffffffff] reserved
[    0.000000] NX (Execute Disable) protection: active
[    0.000000] SMBIOS 2.5 present.
[    0.000000] Hypervisor detected: KVM
[    0.000000] e820: last_pfn = 0x3fff0 max_arch_pfn = 0x400000000
[    0.000000] MTRR: Disabled
[    0.000000] x86/PAT: MTRRs disabled, skipping PAT initialization too.
[    0.000000] CPU MTRRs all blank - virtualized system.
[    0.000000] x86/PAT: Configuration [0-7]: WB  WT  UC- UC  WB  WT  UC- UC  
[    0.000000] found SMP MP-table at [mem 0x0009fff0-0x0009ffff] mapped at [ffff88000009fff0]
[    0.000000] Scanning 1 areas for low memory corruption
[    0.000000] RAMDISK: [mem 0x362fc000-0x37175fff]
[    0.000000] ACPI: Early table checksum verification disabled
[    0.000000] ACPI: RSDP 0x00000000000E0000 000024 (v02 VBOX  )
[    0.000000] ACPI: XSDT 0x000000003FFF0030 00003C (v01 VBOX   VBOXXSDT 00000001 ASL  00000061)
[    0.000000] ACPI: FACP 0x000000003FFF00F0 0000F4 (v04 VBOX   VBOXFACP 00000001 ASL  00000061)
[    0.000000] ACPI: DSDT 0x000000003FFF0470 0022EA (v02 VBOX   VBOXBIOS 00000002 INTL 20100528)
[    0.000000] ACPI: FACS 0x000000003FFF0200 000040
[    0.000000] ACPI: FACS 0x000000003FFF0200 000040
[    0.000000] ACPI: APIC 0x000000003FFF0240 00005C (v02 VBOX   VBOXAPIC 00000001 ASL  00000061)
[    0.000000] ACPI: SSDT 0x000000003FFF02A0 0001CC (v01 VBOX   VBOXCPUT 00000002 INTL 20100528)
[    0.000000] No NUMA configuration found
[    0.000000] Faking a node at [mem 0x0000000000000000-0x000000003ffeffff]
[    0.000000] NODE_DATA(0) allocated [mem 0x3ffeb000-0x3ffeffff]
[    0.000000] kvm-clock: Using msrs 4b564d01 and 4b564d00
[    0.000000] kvm-clock: cpu 0, msr 0:3ffe3001, primary cpu clock
[    0.000000] kvm-clock: using sched offset of 4301128443 cycles
[    0.000000] clocksource: kvm-clock: mask: 0xffffffffffffffff max_cycles: 0x1cd42e4dffb, max_idle_ns: 881590591483 ns
[    0.000000] Zone ranges:
[    0.000000]   DMA      [mem 0x0000000000001000-0x0000000000ffffff]
[    0.000000]   DMA32    [mem 0x0000000001000000-0x000000003ffeffff]
[    0.000000]   Normal   empty
[    0.000000]   Device   empty
[    0.000000] Movable zone start for each node
[    0.000000] Early memory node ranges
[    0.000000]   node   0: [mem 0x0000000000001000-0x000000000009efff]
[    0.000000]   node   0: [mem 0x0000000000100000-0x000000003ffeffff]
[    0.000000] Initmem setup node 0 [mem 0x0000000000001000-0x000000003ffeffff]
[    0.000000] ACPI: PM-Timer IO Port: 0x4008
[    0.000000] IOAPIC[0]: apic_id 2, version 32, address 0xfec00000, GSI 0-23
[    0.000000] ACPI: INT_SRC_OVR (bus 0 bus_irq 0 global_irq 2 dfl dfl)
[    0.000000] ACPI: INT_SRC_OVR (bus 0 bus_irq 9 global_irq 9 low level)
[    0.000000] Using ACPI (MADT) for SMP configuration information
[    0.000000] smpboot: Allowing 2 CPUs, 0 hotplug CPUs
[    0.000000] PM: Registered nosave memory: [mem 0x00000000-0x00000fff]
[    0.000000] PM: Registered nosave memory: [mem 0x0009f000-0x0009ffff]
[    0.000000] PM: Registered nosave memory: [mem 0x000a0000-0x000effff]
[    0.000000] PM: Registered nosave memory: [mem 0x000f0000-0x000fffff]
[    0.000000] e820: [mem 0x40000000-0xfebfffff] available for PCI devices
[    0.000000] Booting paravirtualized kernel on KVM
[    0.000000] clocksource: refined-jiffies: mask: 0xffffffff max_cycles: 0xffffffff, max_idle_ns: 7645519600211568 ns
[    0.000000] setup_percpu: NR_CPUS:512 nr_cpumask_bits:512 nr_cpu_ids:2 nr_node_ids:1
[    0.000000] PERCPU: Embedded 34 pages/cpu @ffff88003fc00000 s99544 r8192 d31528 u1048576
[    0.000000] Built 1 zonelists in Node order, mobility grouping on.  Total pages: 257912
[    0.000000] Policy zone: DMA32
[    0.000000] Kernel command line: BOOT_IMAGE=/boot/vmlinuz-4.4.0-157-generic root=LABEL=cloudimg-rootfs ro console=tty1 console=ttyS0
[    0.000000] PID hash table entries: 4096 (order: 3, 32768 bytes)
[    0.000000] Memory: 997736K/1048120K available (8618K kernel code, 1335K rwdata, 4032K rodata, 1484K init, 1284K bss, 50384K reserved, 0K cma-reserved)
[    0.000000] SLUB: HWalign=64, Order=0-3, MinObjects=0, CPUs=2, Nodes=1
[    0.000000] Kernel/User page tables isolation: enabled
[    0.000000] Hierarchical RCU implementation.
[    0.000000] 	Build-time adjustment of leaf fanout to 64.
[    0.000000] 	RCU restricting CPUs from NR_CPUS=512 to nr_cpu_ids=2.
[    0.000000] RCU: Adjusting geometry for rcu_fanout_leaf=64, nr_cpu_ids=2
[    0.000000] NR_IRQS:33024 nr_irqs:440 16
[    0.000000] Console: colour VGA+ 80x25
[    0.000000] console [tty1] enabled
[    0.000000] console [ttyS0] enabled
[    0.000000] tsc: Detected 2712.000 MHz processor
[    0.327025] Calibrating delay loop (skipped) preset value.. 5424.00 BogoMIPS (lpj=10848000)
[    0.329624] pid_max: default: 32768 minimum: 301
[    0.331156] ACPI: Core revision 20150930
[    0.334489] ACPI: 2 ACPI AML tables successfully acquired and loaded
[    0.336772] Security Framework initialized
[    0.338287] Yama: becoming mindful.
[    0.339388] AppArmor: AppArmor initialized
[    0.340950] Dentry cache hash table entries: 131072 (order: 8, 1048576 bytes)
[    0.346021] Inode-cache hash table entries: 65536 (order: 7, 524288 bytes)
[    0.348337] Mount-cache hash table entries: 2048 (order: 2, 16384 bytes)
[    0.350729] Mountpoint-cache hash table entries: 2048 (order: 2, 16384 bytes)
[    0.353066] Initializing cgroup subsys io
[    0.354722] Initializing cgroup subsys memory
[    0.356251] Initializing cgroup subsys devices
[    0.357761] Initializing cgroup subsys freezer
[    0.359500] Initializing cgroup subsys net_cls
[    0.361018] Initializing cgroup subsys perf_event
[    0.362568] Initializing cgroup subsys net_prio
[    0.364109] Initializing cgroup subsys hugetlb
[    0.365589] Initializing cgroup subsys pids
[    0.369619] mce: CPU supports 0 MCE banks
[    0.371344] Last level iTLB entries: 4KB 64, 2MB 8, 4MB 8
[    0.373268] Last level dTLB entries: 4KB 64, 2MB 0, 4MB 0, 1GB 4
[    0.375209] Spectre V2 : Mitigation: Full generic retpoline
[    0.377140] Spectre V2 : Spectre v2 / SpectreRSB mitigation: Filling RSB on context switch
[    0.380689] Speculative Store Bypass: Vulnerable
[    0.382305] MDS: Vulnerable: Clear CPU buffers attempted, no microcode
[    0.389365] Freeing SMP alternatives memory: 36K
[    0.400536] ftrace: allocating 32312 entries in 127 pages
[    0.522584] smpboot: APIC(0) Converting physical 0 to logical package 0
[    0.525572] smpboot: Max logical packages: 1
[    0.527920] x2apic enabled
[    0.530201] Switched APIC routing to physical x2apic.
[    0.535149] ..TIMER: vector=0x30 apic1=0 pin1=2 apic2=-1 pin2=-1
[    0.642220] smpboot: CPU0: Intel(R) Core(TM) i5-7200U CPU @ 2.50GHz (family: 0x6, model: 0x8e, stepping: 0x9)
[    0.646337] Performance Events: unsupported p6 CPU model 142 no PMU driver, software events only.
[    0.672521] KVM setup paravirtual spinlock
[    0.675372] x86: Booting SMP configuration:
[    0.676836] .... node  #0, CPUs:      #1
[    0.679000] kvm-clock: cpu 1, msr 0:3ffe3041, secondary cpu clock
[    0.681984] mce: CPU supports 0 MCE banks
[    0.684759] x86: Booted up 1 node, 2 CPUs
[    0.686573] smpboot: Total of 2 processors activated (10848.00 BogoMIPS)
[    0.689303] devtmpfs: initialized
[    0.692437] evm: security.selinux
[    0.693578] evm: security.SMACK64
[    0.694673] evm: security.SMACK64EXEC
[    0.695932] evm: security.SMACK64TRANSMUTE
[    0.697180] evm: security.SMACK64MMAP
[    0.698324] evm: security.ima
[    0.699377] evm: security.capability
[    0.700889] clocksource: jiffies: mask: 0xffffffff max_cycles: 0xffffffff, max_idle_ns: 7645041785100000 ns
[    0.703840] futex hash table entries: 512 (order: 3, 32768 bytes)
[    0.707033] pinctrl core: initialized pinctrl subsystem
[    0.709022] RTC time: 12:09:32, date: 08/17/19
[    0.711040] NET: Registered protocol family 16
[    0.722697] cpuidle: using governor ladder
[    0.735322] cpuidle: using governor menu
[    0.737000] PCCT header not found.
[    0.738596] ACPI: bus type PCI registered
[    0.740067] acpiphp: ACPI Hot Plug PCI Controller Driver version: 0.5
[    0.742387] PCI: Using configuration type 1 for base access
[    0.756369] ACPI: Added _OSI(Module Device)
[    0.758390] ACPI: Added _OSI(Processor Device)
[    0.760049] ACPI: Added _OSI(3.0 _SCP Extensions)
[    0.761728] ACPI: Added _OSI(Processor Aggregator Device)
[    0.765697] ACPI: Executed 1 blocks of module-level executable AML code
[    0.771934] ACPI: Interpreter enabled
[    0.773422] ACPI: (supports S0 S5)
[    0.774908] ACPI: Using IOAPIC for interrupt routing
[    0.776935] PCI: Using host bridge windows from ACPI; if necessary, use "pci=nocrs" and report a bug
[    0.788482] ACPI: PCI Root Bridge [PCI0] (domain 0000 [bus 00-ff])
[    0.790554] acpi PNP0A03:00: _OSC: OS supports [ASPM ClockPM Segments MSI]
[    0.793218] acpi PNP0A03:00: _OSC: not requesting OS control; OS requires [ExtendedConfig ASPM ClockPM MSI]
[    0.796848] acpi PNP0A03:00: fail to add MMCONFIG information, can't access extended PCI configuration space under this bridge.
[    0.800762] PCI host bridge to bus 0000:00
[    0.802396] pci_bus 0000:00: root bus resource [io  0x0000-0x0cf7 window]
[    0.804552] pci_bus 0000:00: root bus resource [io  0x0d00-0xffff window]
[    0.806741] pci_bus 0000:00: root bus resource [mem 0x000a0000-0x000bffff window]
[    0.809716] pci_bus 0000:00: root bus resource [mem 0x40000000-0xfdffffff window]
[    0.812518] pci_bus 0000:00: root bus resource [bus 00-ff]
[    0.819239] pci 0000:00:01.1: legacy IDE quirk: reg 0x10: [io  0x01f0-0x01f7]
[    0.821433] pci 0000:00:01.1: legacy IDE quirk: reg 0x14: [io  0x03f6]
[    0.823524] pci 0000:00:01.1: legacy IDE quirk: reg 0x18: [io  0x0170-0x0177]
[    0.825817] pci 0000:00:01.1: legacy IDE quirk: reg 0x1c: [io  0x0376]
[    0.858502] pci 0000:00:07.0: quirk: [io  0x4000-0x403f] claimed by PIIX4 ACPI
[    0.886170] pci 0000:00:07.0: quirk: [io  0x4100-0x410f] claimed by PIIX4 SMB
[    0.908510] ACPI: PCI Interrupt Link [LNKA] (IRQs 5 9 10 *11)
[    0.911594] ACPI: PCI Interrupt Link [LNKB] (IRQs 5 9 *10 11)
[    0.914452] ACPI: PCI Interrupt Link [LNKC] (IRQs 5 *9 10 11)
[    0.917343] ACPI: PCI Interrupt Link [LNKD] (IRQs 5 9 10 *11)
[    0.920292] ACPI: Enabled 2 GPEs in block 00 to 07
[    0.923166] vgaarb: setting as boot device: PCI:0000:00:02.0
[    0.924981] vgaarb: device added: PCI:0000:00:02.0,decodes=io+mem,owns=io+mem,locks=none
[    0.928124] vgaarb: loaded
[    0.929464] vgaarb: bridge control possible 0000:00:02.0
[    0.932073] SCSI subsystem initialized
[    0.933776] ACPI: bus type USB registered
[    0.935327] usbcore: registered new interface driver usbfs
[    0.937433] usbcore: registered new interface driver hub
[    0.939360] usbcore: registered new device driver usb
[    0.941991] PCI: Using ACPI for IRQ routing
[    0.944069] NetLabel: Initializing
[    0.945444] NetLabel:  domain hash size = 128
[    0.947457] NetLabel:  protocols = UNLABELED CIPSOv4
[    0.954909] NetLabel:  unlabeled traffic allowed by default
[    0.957150] amd_nb: Cannot enumerate AMD northbridges
[    0.959377] clocksource: Switched to clocksource kvm-clock
[    0.985924] AppArmor: AppArmor Filesystem Enabled
[    0.987928] pnp: PnP ACPI init
[    0.990599] pnp: PnP ACPI: found 3 devices
[    1.013913] clocksource: acpi_pm: mask: 0xffffff max_cycles: 0xffffff, max_idle_ns: 2085701024 ns
[    1.017068] NET: Registered protocol family 2
[    1.018994] TCP established hash table entries: 8192 (order: 4, 65536 bytes)
[    1.021444] TCP bind hash table entries: 8192 (order: 5, 131072 bytes)
[    1.023527] TCP: Hash tables configured (established 8192 bind 8192)
[    1.025569] UDP hash table entries: 512 (order: 2, 16384 bytes)
[    1.027544] UDP-Lite hash table entries: 512 (order: 2, 16384 bytes)
[    1.029417] NET: Registered protocol family 1
[    1.030947] pci 0000:00:00.0: Limiting direct PCI/PCI transfers
[    1.032863] pci 0000:00:01.0: Activating ISA DMA hang workarounds
[    1.035059] Unpacking initramfs...
[    1.551192] Freeing initrd memory: 14824K
[    1.553004] clocksource: tsc: mask: 0xffffffffffffffff max_cycles: 0x2717868ea45, max_idle_ns: 440795316085 ns
[    1.556880] platform rtc_cmos: registered platform RTC device (no PNP device found)
[    1.559640] Scanning for low memory corruption every 60 seconds
[    1.562383] audit: initializing netlink subsys (disabled)
[    1.564725] audit: type=2000 audit(1566043777.926:1): initialized
[    1.567053] Initialise system trusted keyring
[    1.569256] HugeTLB registered 2 MB page size, pre-allocated 0 pages
[    1.573611] zbud: loaded
[    1.575456] VFS: Disk quotas dquot_6.6.0
[    1.576740] VFS: Dquot-cache hash table entries: 512 (order 0, 4096 bytes)
[    1.579079] squashfs: version 4.0 (2009/01/31) Phillip Lougher
[    1.581811] fuse init (API version 7.23)
[    1.583442] Key type big_key registered
[    1.584920] Allocating IMA MOK and blacklist keyrings.
[    1.591669] Key type asymmetric registered
[    1.593205] Asymmetric key parser 'x509' registered
[    1.595036] Block layer SCSI generic (bsg) driver version 0.4 loaded (major 249)
[    1.597673] io scheduler noop registered
[    1.599069] io scheduler deadline registered (default)
[    1.600798] io scheduler cfq registered
[    1.602446] pci_hotplug: PCI Hot Plug PCI Core version: 0.5
[    1.604578] pciehp: PCI Express Hot Plug Controller Driver version: 0.4
[    1.607132] ACPI: AC Adapter [AC] (off-line)
[    1.608866] input: Power Button as /devices/LNXSYSTM:00/LNXPWRBN:00/input/input0
[    1.611338] ACPI: Power Button [PWRF]
[    1.613000] input: Sleep Button as /devices/LNXSYSTM:00/LNXSLPBN:00/input/input1
[    1.615872] ACPI: Sleep Button [SLPF]
[    1.618587] ACPI: Battery Slot [BAT0] (battery present)
[    1.620728] GHES: HEST is not enabled!
[    1.622044] Serial: 8250/16550 driver, 32 ports, IRQ sharing enabled
[    1.644964] 00:02: ttyS0 at I/O 0x3f8 (irq = 4, base_baud = 115200) is a 16550A
[    1.648400] Linux agpgart interface v0.103
[    1.651544] loop: module loaded
[    1.653242] scsi host0: ata_piix
[    1.654469] scsi host1: ata_piix
[    1.655730] ata1: PATA max UDMA/33 cmd 0x1f0 ctl 0x3f6 bmdma 0xd000 irq 14
[    1.658260] ata2: PATA max UDMA/33 cmd 0x170 ctl 0x376 bmdma 0xd008 irq 15
[    1.660963] libphy: Fixed MDIO Bus: probed
[    1.662245] tun: Universal TUN/TAP device driver, 1.6
[    1.664098] tun: (C) 1999-2004 Max Krasnyansky <maxk@qualcomm.com>
[    1.666318] PPP generic driver version 2.4.2
[    1.667953] ehci_hcd: USB 2.0 'Enhanced' Host Controller (EHCI) Driver
[    1.670348] ehci-pci: EHCI PCI platform driver
[    1.671994] ehci-platform: EHCI generic platform driver
[    1.673854] ohci_hcd: USB 1.1 'Open' Host Controller (OHCI) Driver
[    1.675885] ohci-pci: OHCI PCI platform driver
[    1.677588] ohci-platform: OHCI generic platform driver
[    1.679372] uhci_hcd: USB Universal Host Controller Interface driver
[    1.681650] i8042: PNP: PS/2 Controller [PNP0303:PS2K,PNP0f03:PS2M] at 0x60,0x64 irq 1,12
[    1.686388] serio: i8042 KBD port at 0x60,0x64 irq 1
[    1.688768] serio: i8042 AUX port at 0x60,0x64 irq 12
[    1.691293] mousedev: PS/2 mouse device common for all mice
[    1.694139] input: AT Translated Set 2 keyboard as /devices/platform/i8042/serio0/input/input2
[    1.697126] rtc_cmos rtc_cmos: rtc core: registered rtc_cmos as rtc0
[    1.699899] rtc_cmos rtc_cmos: alarms up to one day, 114 bytes nvram
[    1.702778] i2c /dev entries driver
[    1.704459] device-mapper: uevent: version 1.0.3
[    1.706481] device-mapper: ioctl: 4.34.0-ioctl (2015-10-28) initialised: dm-devel@redhat.com
[    1.709646] ledtrig-cpu: registered to indicate activity on CPUs
[    1.712345] NET: Registered protocol family 10
[    1.714378] NET: Registered protocol family 17
[    1.715848] Key type dns_resolver registered
[    1.718032] registered taskstats version 1
[    1.719272] Loading compiled-in X.509 certificates
[    1.721186] Loaded X.509 cert 'Build time autogenerated kernel key: 3e01e6df98386236d59670e6b2ed19a044d5324e'
[    1.723955] zswap: loaded using pool lzo/zbud
[    1.727536] Key type trusted registered
[    1.735087] Key type encrypted registered
[    1.736395] AppArmor: AppArmor sha1 policy hashing enabled
[    1.737871] ima: No TPM chip found, activating TPM-bypass!
[    1.739699] ima: Allocated hash algorithm: sha1
[    1.741249] evm: HMAC attrs: 0x1
[    1.742791]   Magic number: 15:178:178
[    1.744046]  platform: hash matches
[    1.745398] rtc_cmos rtc_cmos: setting system clock to 2019-08-17 12:09:33 UTC (1566043773)
[    1.748042] BIOS EDD facility v0.16 2004-Jun-25, 0 devices found
[    1.749635] EDD information not available.
[    1.823397] Freeing unused kernel memory: 1484K
[    1.829544] Write protecting the kernel read-only data: 14336k
[    1.839042] Freeing unused kernel memory: 1612K
[    1.846518] Freeing unused kernel memory: 64K
Loading, please wait...
starting version 229
[    1.912560] random: systemd-udevd: uninitialized urandom read (16 bytes read, 3 bits of entropy available)
[    1.915518] random: udevadm: uninitialized urandom read (16 bytes read, 3 bits of entropy available)
[    1.915602] random: udevadm: uninitialized urandom read (16 bytes read, 3 bits of entropy available)
[    1.952174] random: systemd-udevd: uninitialized urandom read (16 bytes read, 3 bits of entropy available)
[    1.959725] random: udevadm: uninitialized urandom read (16 bytes read, 3 bits of entropy available)
[    1.959893] random: udevadm: uninitialized urandom read (16 bytes read, 3 bits of entropy available)
[    1.960235] random: udevadm: uninitialized urandom read (16 bytes read, 3 bits of entropy available)
[    1.960388] random: udevadm: uninitialized urandom read (16 bytes read, 3 bits of entropy available)
[    1.960596] random: udevadm: uninitialized urandom read (16 bytes read, 3 bits of entropy available)
[    1.960904] random: udevadm: uninitialized urandom read (16 bytes read, 3 bits of entropy available)
[    2.047146] e1000: Intel(R) PRO/1000 Network Driver - version 7.3.21-k8-NAPI
[    2.049283] e1000: Copyright (c) 1999-2006 Intel Corporation.
[    2.053323] Fusion MPT base driver 3.04.20
[    2.055050] Copyright (c) 1999-2008 LSI Corporation
[    2.066181] Fusion MPT SPI Host driver 3.04.20
[    2.098123] AVX2 version of gcm_enc/dec engaged.
[    2.100032] AES CTR mode by8 optimization enabled
[    2.270713] input: ImExPS/2 Generic Explorer Mouse as /devices/platform/i8042/serio1/input/input4
[    2.542118] e1000 0000:00:03.0 eth0: (PCI:33MHz:32-bit) 02:c2:66:bb:16:6d
[    2.544876] e1000 0000:00:03.0 eth0: Intel(R) PRO/1000 Network Connection
[    2.548905] mptbase: ioc0: Initiating bringup
[    2.769445] ioc0: LSI53C1030 A0: Capabilities={Initiator}
[    3.760663] scsi host2: ioc0: LSI53C1030 A0, FwRev=00000000h, Ports=1, MaxQ=256, IRQ=20
[    4.167773] scsi 2:0:0:0: Direct-Access     VBOX     HARDDISK         1.0  PQ: 0 ANSI: 5
[    4.178832] scsi target2:0:0: Beginning Domain Validation
[    4.190229] scsi target2:0:0: Domain Validation skipping write tests
[    4.198946] scsi target2:0:0: Ending Domain Validation
[    4.204520] scsi target2:0:0: asynchronous
[    4.210261] scsi 2:0:1:0: Direct-Access     VBOX     HARDDISK         1.0  PQ: 0 ANSI: 5
[    4.215985] scsi target2:0:1: Beginning Domain Validation
[    4.222563] scsi target2:0:1: Domain Validation skipping write tests
[    4.227633] scsi target2:0:1: Ending Domain Validation
[    4.231058] scsi target2:0:1: asynchronous
[    4.280341] sd 2:0:0:0: Attached scsi generic sg0 type 0
[    4.282972] sd 2:0:1:0: Attached scsi generic sg1 type 0
[    4.315401] sd 2:0:1:0: [sdb] 20480 512-byte logical blocks: (10.5 MB/10.0 MiB)
[    4.319162] sd 2:0:1:0: [sdb] Write Protect is off
[    4.321376] sd 2:0:0:0: [sda] 20971520 512-byte logical blocks: (10.7 GB/10.0 GiB)
[    4.324690] sd 2:0:1:0: [sdb] Incomplete mode parameter data
[    4.326639] sd 2:0:1:0: [sdb] Assuming drive cache: write through
[    4.328521] sd 2:0:0:0: [sda] Write Protect is off
[    4.330195] sd 2:0:0:0: [sda] Incomplete mode parameter data
[    4.332171] sd 2:0:0:0: [sda] Assuming drive cache: write through
[    4.339515]  sda: sda1
[    4.341792] sd 2:0:0:0: [sda] Attached SCSI disk
[    4.344259] sd 2:0:1:0: [sdb] Attached SCSI disk
[    4.654857] e1000 0000:00:08.0 eth1: (PCI:33MHz:32-bit) 08:00:27:cc:60:a6
[    4.660717] e1000 0000:00:08.0 eth1: Intel(R) PRO/1000 Network Connection
[    4.670258] e1000 0000:00:03.0 enp0s3: renamed from eth0
[    4.688024] e1000 0000:00:08.0 enp0s8: renamed from eth1
Begin: Loading essential drivers ... [    6.639861] md: linear personality registered for level -1
[    6.648868] md: multipath personality registered for level -4
[    6.655640] md: raid0 personality registered for level 0
[    6.665103] md: raid1 personality registered for level 1
[    6.746101] raid6: sse2x1   gen()  5555 MB/s
[    6.811466] raid6: sse2x1   xor()  5483 MB/s
[    6.879518] raid6: sse2x2   gen()  4412 MB/s
[    6.947651] raid6: sse2x2   xor()  3434 MB/s
[    7.015453] raid6: sse2x4   gen()  4843 MB/s
[    7.083718] raid6: sse2x4   xor()  5254 MB/s
[    7.151612] raid6: avx2x1   gen() 12413 MB/s
[    7.219958] raid6: avx2x2   gen() 12533 MB/s
[    7.287481] raid6: avx2x4   gen()  9477 MB/s
[    7.290008] raid6: using algorithm avx2x2 gen() 12533 MB/s
[    7.292446] raid6: using avx2x2 recovery algorithm
[    7.298679] xor: automatically using best checksumming function:
[    7.339530]    avx       : 12406.000 MB/sec
[    7.344838] async_tx: api initialized (async)
[    7.379297] md: raid6 personality registered for level 6
[    7.383308] md: raid5 personality registered for level 5
[    7.386869] md: raid4 personality registered for level 4
[    7.406666] md: raid10 personality registered for level 10
done.
Begin: Running /scripts/init-premount ... done.
Begin: Mounting root file system ... Begin: Running /scripts/local-top ... done.
Begin: Running /scripts/local-premount ... [    7.464686] Btrfs loaded
Scanning for Btrfs filesystems
done.
Warning: fsck not present, so skipping root file system
[    7.507982] EXT4-fs (sda1): mounted filesystem with ordered data mode. Opts: (null)
done.
Begin: Running /scripts/local-bottom ... done.
Begin: Running /scripts/init-bottom ... done.
[    7.653890] systemd[1]: systemd 229 running in system mode. (+PAM +AUDIT +SELINUX +IMA +APPARMOR +SMACK +SYSVINIT +UTMP +LIBCRYPTSETUP +GCRYPT +GNUTLS +ACL +XZ -LZ4 +SECCOMP +BLKID +ELFUTILS +KMOD -IDN)
[    7.660626] systemd[1]: Detected virtualization oracle.
[    7.662504] systemd[1]: Detected architecture x86-64.

Welcome to [1mUbuntu 16.04.6 LTS[0m!

[    7.669537] systemd[1]: Set hostname to <ubuntu>.
[    7.675286] systemd[1]: Initializing machine ID from random generator.
[    7.679034] systemd[1]: Installed transient /etc/machine-id file.
[    7.887079] systemd[1]: Reached target System Time Synchronized.
[[0;32m  OK  [0m] Reached target System Time Synchronized.
[    7.893705] systemd[1]: Reached target Encrypted Volumes.
[[0;32m  OK  [0m] Reached target Encrypted Volumes.
[    7.900821] systemd[1]: Created slice System Slice.
[[0;32m  OK  [0m] Created slice System Slice.
[    7.907621] systemd[1]: Listening on udev Kernel Socket.
[[0;32m  OK  [0m] Listening on udev Kernel Socket.
[    7.919810] systemd[1]: Reached target Swap.
[[0;32m  OK  [0m] Reached target Swap.
[    7.925419] systemd[1]: Listening on /dev/initctl Compatibility Named Pipe.
[[0;32m  OK  [0m] Listening on /dev/initctl Compatibility Named Pipe.
[    7.932026] systemd[1]: Reached target User and Group Name Lookups.
[[0;32m  OK  [0m] Reached target User and Group Name Lookups.
[    7.939622] systemd[1]: Created slice User and Session Slice.
[[0;32m  OK  [0m] Created slice User and Session Slice.
[    7.945434] systemd[1]: Started Forward Password Requests to Wall Directory Watch.
[[0;32m  OK  [0m] Started Forward Password Requests to Wall Directory Watch.
[    7.952886] systemd[1]: Started Trigger resolvconf update for networkd DNS.
[[0;32m  OK  [0m] Started Trigger resolvconf update for networkd DNS.
[    7.957868] systemd[1]: Listening on Syslog Socket.
[[0;32m  OK  [0m] Listening on Syslog Socket.
[    7.961282] systemd[1]: Listening on LVM2 poll daemon socket.
[[0;32m  OK  [0m] Listening on LVM2 poll daemon socket.
[    7.965607] systemd[1]: Listening on Journal Socket (/dev/log).
[[0;32m  OK  [0m] Listening on Journal Socket (/dev/log).
[    7.977544] systemd[1]: Created slice system-serial\x2dgetty.slice.
[[0;32m  OK  [0m] Created slice system-serial\x2dgetty.slice.
[    7.982461] systemd[1]: Listening on Journal Audit Socket.
[[0;32m  OK  [0m] Listening on Journal Audit Socket.
[    7.987122] systemd[1]: Reached target Slices.
[[0;32m  OK  [0m] Reached target Slices.
[    7.990254] systemd[1]: Listening on udev Control Socket.
[[0;32m  OK  [0m] Listening on udev Control Socket.
[    7.994845] systemd[1]: Set up automount Arbitrary Executable File Formats File System Automount Point.
[[0;32m  OK  [0m] Set up automount Arbitrary Executab...ats File System Automount Point.
[    8.001500] systemd[1]: Listening on LVM2 metadata daemon socket.
[[0;32m  OK  [0m] Listening on LVM2 metadata daemon socket.
[    8.006399] systemd[1]: Listening on Journal Socket.
[[0;32m  OK  [0m] Listening on Journal Socket.
[    8.019717] systemd[1]: Starting Uncomplicated firewall...
         Starting Uncomplicated firewall...
[    8.024896] systemd[1]: Mounting Huge Pages File System...
         Mounting Huge Pages File System...
[    8.032124] systemd[1]: Mounting Debug File System...
         Mounting Debug File System...
[    8.037902] systemd[1]: Mounting POSIX Message Queue File System...
         Mounting POSIX Message Queue File System...
[    8.048732] systemd[1]: Starting Load Kernel Modules...
         Starting Load Kernel Modules...
[    8.053841] systemd[1]: Starting Nameserver information manager...
         Starting Nameserver information manager...
[    8.060912] systemd[1]: Starting Create list of required static device nodes for the current kernel...
         Starting Create list of required st... nodes for the current kernel...
[    8.069923] systemd[1]: Starting Remount Root and Kernel File Systems...
[    8.071351] Loading iSCSI transport class v2.0-870.
         Starting Remount Root and Kernel File Systems...
[    8.084010] EXT4-fs (sda1): re-mounted. Opts: (null)
[    8.085256] systemd[1]: Starting Journal Service...
         Starting Journal Service...
[    8.094228] systemd[1]: Starting Set console keymap...
         Starting Set console keymap...
[    8.104243] systemd[1]: Listening on Device-mapper event daemon FIFOs.
[[0;32m  OK  [0m] Listening on Device-mapper event daemon FIFOs.
[    8.111059] systemd[1]: Starting Monitoring of LVM2 mirrors, snapshots etc. using dmeventd or progress polling...
[    8.122944] iscsi: registered transport (tcp)
         Starting Monitoring of LVM2 mirrors... dmeventd or progress polling...
[    8.133129] systemd[1]: Mounted Huge Pages File System.
[[0;32m  OK  [0m] Mounted Huge Pages File System.
[    8.145294] systemd[1]: Mounted Debug File System.
[[0;32m  OK  [0m] Mounted Debug File System.
[    8.151983] systemd[1]: Mounted POSIX Message Queue File System.
[[0;32m  OK  [0m] Mounted POSIX Message Queue File System.
[    8.160888] systemd[1]: Started Uncomplicated firewall.
[[0;32m  OK  [0m] Started Uncomplicated firewall.
[    8.186786] systemd[1]: Started Create list of required static device nodes for the current kernel.
[[0;32m  OK  [0m] Started Create list of required sta...ce nodes for the current kernel.
[    8.204528] systemd[1]: Started Remount Root and Kernel File Systems.
[[0;32m  OK  [0m] Started Remount Root and Kernel File Systems.
[    8.232172] systemd[1]: Started Nameserver information manager.
[[0;32m  OK  [0m] Started Nameserver information manager.
[    8.255062] systemd[1]: Started Journal Service.
[[0;32m  OK  [0m] Started Journal Service.
[    8.288449] iscsi: registered transport (iser)
[[0;32m  OK  [0m] Started Load Kernel Modules.
[[0;32m  OK  [0m] Started Set console keymap.
         Mounting FUSE Control File System...
         Starting Apply Kernel Variables...
[[0;32m  OK  [0m] Started LVM2 metadata daemon.
         Starting Flush Journal to Persistent Storage...
         Starting Load/Save Random Seed...
         Starting udev Coldplug all Devices...
         Starting Create Static Device Nodes in /dev...
[[0;32m  OK  [0m] Mounted FUSE Control File System.
[[0;32m  OK  [0m] Started Load/Save Random Seed.
[[0;32m  OK  [0m] Started Apply Kernel Variables.
[[0;32m  OK  [0m] Started Create Static Device Nodes in /dev.
[[0;32m  OK  [0m] Started Flush Journal to Persistent Storage.
[[0;32m  OK  [0m] Started udev Coldplug all Devices.
         Starting udev Kernel Device Manager...
[[0;32m  OK  [0m] Started udev Kernel Device Manager.
[[0;32m  OK  [0m] Started Dispatch Password Requests to Console Directory Watch.
[[0;32m  OK  [0m] Found device /dev/ttyS0.
[[0;32m  OK  [0m] Listening on Load/Save RF Kill Switch Status /dev/rfkill Watch.
[[0;32m  OK  [0m] Started Monitoring of LVM2 mirrors,...ng dmeventd or progress polling.
[[0;32m  OK  [0m] Reached target Local File Systems (Pre).
[[0;32m  OK  [0m] Reached target Local File Systems.
         Starting Tell Plymouth To Write Out Runtime Data...
         Starting LSB: AppArmor initialization...
         Starting Initial cloud-init job (pre-networking)...
         Starting Create Volatile Files and Directories...
         Starting Set console font and keymap...
         Starting Commit a transient machine-id on disk...
[[0;32m  OK  [0m] Started Tell Plymouth To Write Out Runtime Data.
[[0;32m  OK  [0m] Started Create Volatile Files and Directories.
[[0;32m  OK  [0m] Started Commit a transient machine-id on disk.
         Starting Update UTMP about System Boot/Shutdown...
[[0;32m  OK  [0m] Started Update UTMP about System Boot/Shutdown.
[   11.194927] cloud-init[547]: Cloud-init v. 19.1-1-gbaa47854-0ubuntu1~16.04.1 running 'init-local' at Sat, 17 Aug 2019 12:09:42 +0000. Up 10.24 seconds.
[[0;32m  OK  [0m] Started Initial cloud-init job (pre-networking).
[[0;32m  OK  [0m] Reached target Network (Pre).
[[0;32m  OK  [0m] Started Set console font and keymap.
[[0;32m  OK  [0m] Created slice system-getty.slice.
[[0;32m  OK  [0m] Started LSB: AppArmor initialization.
         Starting Raise network interfaces...
[[0;32m  OK  [0m] Started Raise network interfaces.
[[0;32m  OK  [0m] Reached target Network.
         Starting Initial cloud-init job (metadata service crawler)...
[   15.298795] cloud-init[968]: Cloud-init v. 19.1-1-gbaa47854-0ubuntu1~16.04.1 running 'init' at Sat, 17 Aug 2019 12:09:46 +0000. Up 14.05 seconds.
[   15.302204] cloud-init[968]: ci-info: ++++++++++++++++++++++++++++++++++++++Net device info+++++++++++++++++++++++++++++++++++++++
[   15.305386] cloud-init[968]: ci-info: +--------+-------+----------------------------+---------------+--------+-------------------+
[   15.313284] cloud-init[968]: ci-info: | Device |   Up  |          Address           |      Mask     | Scope  |     Hw-Address    |
[   15.316019] cloud-init[968]: ci-info: +--------+-------+----------------------------+---------------+--------+-------------------+
[   15.318823] cloud-init[968]: ci-info: | enp0s3 |  True |         10.0.2.15          | 255.255.255.0 | global | 02:c2:66:bb:16:6d |
[   15.321531] cloud-init[968]: ci-info: | enp0s3 |  True | fe80::c2:66ff:febb:166d/64 |       .       |  link  | 02:c2:66:bb:16:6d |
[   15.328936] cloud-init[968]: ci-info: | enp0s8 | False |             .              |       .       |   .    | 08:00:27:cc:60:a6 |
[   15.334053] cloud-init[968]: ci-info: |   lo   |  True |         127.0.0.1          |   255.0.0.0   |  host  |         .         |
[   15.338917] cloud-init[968]: ci-info: |   lo   |  True |          ::1/128           |       .       |  host  |         .         |
[   15.343296] cloud-init[968]: ci-info: +--------+-------+----------------------------+---------------+--------+-------------------+
[   15.353044] cloud-init[968]: ci-info: +++++++++++++++++++++++++++Route IPv4 info++++++++++++++++++++++++++++
[   15.355774] cloud-init[968]: ci-info: +-------+-------------+----------+---------------+-----------+-------+
[   15.359395] cloud-init[968]: ci-info: | Route | Destination | Gateway  |    Genmask    | Interface | Flags |
[   15.361853] cloud-init[968]: ci-info: +-------+-------------+----------+---------------+-----------+-------+
[   15.364391] cloud-init[968]: ci-info: |   0   |   0.0.0.0   | 10.0.2.2 |    0.0.0.0    |   enp0s3  |   UG  |
[   15.366685] cloud-init[968]: ci-info: |   1   |   10.0.2.0  | 0.0.0.0  | 255.255.255.0 |   enp0s3  |   U   |
[   15.369223] cloud-init[968]: ci-info: +-------+-------------+----------+---------------+-----------+-------+[[0;32m  OK  [0m] Started Initial cloud-init job (metadata service crawler).
[[0;32m  OK  [0m] Reached target Network is Online.

[   15.374122] cloud-init[968]: ci-info: +++++++++++++++++++Route IPv6 info+++++++++++++++++++
[   15.376352] cloud-init[968]: ci-info: +-------+-------------+---------+-----------+-------+
[   15.378129] cloud-init[968]: ci-info: | Route | Destination | Gateway | Interface | Flags |
[   15.381415] cloud-init[968]: ci-info: +-------+-------------+---------+-----------+-------+
[   15.388732]          Starting iSCSI initiator daemon (iscsid)...
[[0;32m  OK  [0m] Reached target System Initialization.
         Starting Socket activation for snappy daemon.
[[0;32m  OK  [0m] Listening on ACPID Listen Socket.
cloud-init[968]: ci-info: |   0   |  fe80::/64  |    ::   |   enp0s3  |   U   |
         Starting LXD - unix socket.
[[0;32m  OK  [0m] Listening on D-Bus System Message Bus Socket.
[[0;32m  OK  [0m] Listening on UUID daemon activation socket.
[[0;32m  OK  [0m] Started Daily Cleanup of Temporary Directories.
[[0;32m  OK  [0m] Started Daily apt download activities.
[[0;32m  OK  [0m] Started Daily apt upgrade and clean activities.
[[0;32m  OK  [0m] Reached target Timers.
[   15.396548] cloud-init[968]: ci-info: |   3   |   ff00::/8  |    ::   |   enp0s3  |   U   |
[   15.407135] cloud-init[968]: ci-info: +-------+-------------+---------+-----------+-------+[
[0;32m  OK  [0m] Started ACPI Events Check.
[[0;32m  OK  [0m] Reached target Paths.
[[0;32m  OK  [0m] Reached target Cloud-config availability.
[[0;32m  OK  [0m] Listening on Socket activation for snappy daemon.
[[0;32m  OK  [0m] Listening on LXD - unix socket.
[   15.413580] cloud-init[968]: Generating public/private rsa key pair.
[   15.415277] cloud-init[968]: Your identification has been saved in /etc/ssh/ssh_host_rsa_key.[[0;32m  OK  [0m] Reached target Sockets.
[[0;32m  OK  [0m] Reached target Basic System.

         Starting LXD - container startup/shutdown...
         Starting System Logging Service...
         Starting LSB: Record successful boot for GRUB...
         Starting /etc/rc.local Compatibility...
         Starting LSB: MD monitoring daemon...
[   15.420359] cloud-init[968]: Your public key has been saved in /etc/ssh/ssh_host_rsa_key.pub.
[   15.430161] cloud-init[968]: The key fingerprint is:
[   15.432112] [[0;32m  OK  [0m] Started ACPI event daemon.
cloud-init[[0;32m  OK  [0m] Started FUSE filesystem for LXC.
[968]: SHA256:RZn3C0rfnGM22FnZ1Rdu2pbVWPPmM5BNc8gdZYMcy9w root@ubuntu-xenial         Starting Pollinate to seed the pseudo random number generator...
         Starting Login Service...
[[0;32m  OK  [0m] Started Deferred execution scheduler.
         Starting Virtualbox guest utils...
[[0;32m  OK  [0m] Started D-Bus System Message Bus.

[   15.469512] cloud-init[968]: The key's randomart image is:
[   15.471926] cloud-init[968]: +---[RSA 2048]----+
[   15.473591] cloud-init[968]: |          .o.ooXX|
[   15.480942] cloud-init[968]: |         .o +oX+%|
[   15.482304] cloud-init[968]: |          .. B.EX|
[   15.493769] cloud-init[968]: |         .. . *+=|
[   15.497070] cloud-init[968]: |        S. o B @.|
[   15.504702] cloud-init[968]: |          . o & o|
[   15.507071] cloud-init[968]: |             o o |
[   15.509729] cloud-init[968]: |                 |
[   15.515703] cloud-init[968]: |                 |
[   15.524536] cloud-init[968]: +----[SHA256]-----+
[   15.526697] cloud-init[968]: Generating public/private dsa key pair.
[   15.529794] cloud-init[968]: Your identification has been saved in /etc/ssh/ssh_host_dsa_key.
[   15.533437] cloud-init[968]: Your public key has been saved in /etc/ssh/ssh_host_dsa_key.pub.
[   15.536629] cloud-init[968]: The key fingerprint is:
[   15.538190] cloud-init[968]: SHA256:4Zlw5QvaXN6Cw1P4O6RhheLPR+wIBAJV1NQkRjIBQT4 root@ubuntu-xenial
[   15.540193] cloud-init[968]: The key's randomart image is:
[   15.542411] cloud-init[968]: +---[DSA 1024]----+
[   15.544359] cloud-init[968]: |.+*=B==o. .      |
[   15.545887] cloud-init[968]: | . . =...=       |
[   15.547698] cloud-init[968]: |  E   + * =      |
[   15.550650] cloud-init[968]: |   . o X & o     |
[   15.552589] cloud-init[968]: |      + S O .    |
[   15.561358] cloud-init[968]: |       = X o     |
[   15.562983] cloud-init[968]: |        = =      |
[[0;32m  OK  [0m] Started Regular background program processing daemon.
[   15.564458] cloud-init         Starting Accounts Service...
[968]: |         . .     |
         Starting Snappy daemon...
[   15.576858] cloud-init[968]: |                 |
[[0;32m  OK  [0m] Started System Logging Service.
[   15.578340] cloud-init[968]: +----[SHA256]-----+
[[0;32m  OK  [0m] Started /etc/rc.local Compatibility.
[   15.589707] cloud-init[968]: Generating public/private ecdsa key pair.
[   15.602339] [[0;32m  OK  [0m] Started iSCSI initiator daemon (iscsid).
cloud-init[968]: Your identification has been saved in /etc/ssh/ssh_host_ecdsa_key.
[   15.608597] cloud-init[968]: Your public key has been saved in /etc/ssh/ssh_host_ecdsa_key.pub.
[   15.616959] cloud-init[968]: The key fingerprint is:
[   15.619555] cloud-init[968]: SHA256:TtsHb4y8Fdna3ePm+xOmtXFBxduCCxeLpmD03jspWIM root@ubuntu-xenial
[   15.622382] cloud-init[968]: The key's randomart image is:
[   15.624624] cloud-init[968]: +---[ECDSA 256]---+
[   15.626566] cloud-init[968]: |               .o|
[   15.628570] cloud-init[968]: |      .     .  ..|
[   15.631114] cloud-init[968]: |     . .   . +. o|
[   15.639437] cloud-init[968]: |      o . + +o.o.|
[   15.642172] cloud-init[968]: |     . +S+.oo....|
[   15.652450] cloud-init[968]: |      Eo=+.=.+ *o|
[   15.664981] cloud-init[968]: |       oo.+oB =.B|
[   15.666913] cloud-init[968]: |      . . += ..+.|
[   15.669723] cloud-init[968]: |         ...  o+=|
[   15.677150] cloud-init[968]: +----[SHA256]-----+
[   15.684960] cloud-init[968]: Generating public/private ed25519 key pair.
[   15.694415] cloud-init[968]: Your identification has been saved in /etc/ssh/ssh_host_ed25519_key.
[   15.696582] cloud-init[968]: Your public key has been saved in /etc/ssh/ssh_host_ed25519_key.pub.
[   15.699484] cloud-init[968]: The key fingerprint is:
[   15.706517] cloud-init[968]: SHA256:1rryzJlbHuqLLpqedMUaIZsPsOS+IemYkvDrMKjQiM0 root@ubuntu-xenial
[   15.718202] cloud-init[968]: The key's randomart image is:
[   15.719947] cloud-init[968]: +--[ED25519 256]--+
[   15.725306] cloud-init[968]: |                 |
[   15.737844] cloud-init[968]: |                 |
[   15.750969] cloud-init[968]: |... .            |
[   15.753844] cloud-init[968]: |oo + o   .       |
[   15.757920] cloud-init[968]: |..+ . o S .      |
         Starting Login to default iSCSI targets...
[   15.775585] cloud-init[968]: |=* o + . .       |
[   15.778574] cloud-init[968]: |@=E +   . o      |
[   15.779547] cloud-init[968]: |O=++. .+ B .     |
[   15.780675] cloud-init[968]: |==Bo oo+%o.      |
[   15.780939] cloud-init[968]: +----[SHA256]-----+
[[0;32m  OK  [0m] Started LSB: Record successful boot for GRUB.
[[0;32m  OK  [0m] Started LSB: MD monitoring daemon.
[[0;32m  OK  [0m] Started Login Service.
[[0;32m  OK  [0m] Started Unattended Upgrades Shutdown.
         Starting Authenticate and Authorize Users to Run Privileged Tasks...
[[0;32m  OK  [0m] Started LXD - container startup/shutdown.
[[0;32m  OK  [0m] Started Login to default iSCSI targets.
[[0;32m  OK  [0m] Reached target Remote File Systems (Pre).
[[0;32m  OK  [0m] Reached target Remote File Systems.
         Starting LSB: Set the CPU Frequency Scaling governor to "ondemand"...
         Starting LSB: daemon to balance interrupts for SMP systems...
         Starting Permit User Sessions...
         Starting LSB: automatic crash report generation...
[[0;32m  OK  [0m] Started Virtualbox guest utils.
[[0;32m  OK  [0m] Started Permit User Sessions.
[[0;32m  OK  [0m] Started Authenticate and Authorize Users to Run Privileged Tasks.
[[0;32m  OK  [0m] Started Accounts Service.
         Starting Terminate Plymouth Boot Screen...
         Starting Hold until boot process finishes up...
[[0;32m  OK  [0m] Started LSB: Set the CPU Frequency Scaling governor to "ondemand".
[[0;32m  OK  [0m] Started LSB: daemon to balance interrupts for SMP systems.
[[0;32m  OK  [0m] Started Terminate Plymouth Boot Screen.
[[0;32m  OK  [0m] Started LSB: automatic crash report generation.
[[0;32m  OK  [0m] Started Hold until boot process finishes up.
[[0;32m  OK  [0m] Started Getty on tty1.
         Starting Set console scheme...
[[0;32m  OK  [0m] Started Serial Getty on ttyS0.
[[0;32m  OK  [0m] Reached target Login Prompts.
[[0;32m  OK  [0m] Started Set console scheme.
[[0;32m  OK  [0m] Started Pollinate to seed the pseudo random number generator.
         Starting OpenBSD Secure Shell server...
[[0;32m  OK  [0m] Started OpenBSD Secure Shell server.
[[0;32m  OK  [0m] Started Snappy daemon.
         Starting Wait until snapd is fully seeded...
[[0;32m  OK  [0m] Started Wait until snapd is fully seeded.
         Starting Apply the settings specified in cloud-config...
[[0;32m  OK  [0m] Reached target Multi-User System.
[[0;32m  OK  [0m] Reached target Graphical Interface.
         Starting Update UTMP about System Runlevel Changes...
[[0;32m  OK  [0m] Started Update UTMP about System Runlevel Changes.
[[0;32m  OK  [0m] Created slice User Slice of vagrant.
         Starting User Manager for UID 1000...
[[0;32m  OK  [0m] Started Session 1 of user vagrant.
[[0;32m  OK  [0m] Started User Manager for UID 1000.
[   19.090118] cloud-init[1330]: Generating locales (this might take a while)...
[   21.102506] cloud-init[1330]:   en_US.UTF-8... done
[   21.108499] cloud-init[1330]: Generation complete.
[   21.672322] cloud-init[1330]: Cloud-init v. 19.1-1-gbaa47854-0ubuntu1~16.04.1 running 'modules:config' at Sat, 17 Aug 2019 12:09:51 +0000. Up 18.78 seconds.

Ubuntu 16.04.6 LTS ubuntu-xenial ttyS0

ubuntu-xenial login: ci-info: no authorized ssh keys fingerprints found for user ubuntu.
<14>Aug 17 12:09:54 ec2: 
<14>Aug 17 12:09:54 ec2: #############################################################
<14>Aug 17 12:09:54 ec2: -----BEGIN SSH HOST KEY FINGERPRINTS-----
<14>Aug 17 12:09:54 ec2: 1024 SHA256:4Zlw5QvaXN6Cw1P4O6RhheLPR+wIBAJV1NQkRjIBQT4 root@ubuntu-xenial (DSA)
<14>Aug 17 12:09:54 ec2: 256 SHA256:TtsHb4y8Fdna3ePm+xOmtXFBxduCCxeLpmD03jspWIM root@ubuntu-xenial (ECDSA)
<14>Aug 17 12:09:54 ec2: 256 SHA256:1rryzJlbHuqLLpqedMUaIZsPsOS+IemYkvDrMKjQiM0 root@ubuntu-xenial (ED25519)
<14>Aug 17 12:09:54 ec2: 2048 SHA256:RZn3C0rfnGM22FnZ1Rdu2pbVWPPmM5BNc8gdZYMcy9w root@ubuntu-xenial (RSA)
<14>Aug 17 12:09:54 ec2: -----END SSH HOST KEY FINGERPRINTS-----
<14>Aug 17 12:09:54 ec2: #############################################################
-----BEGIN SSH HOST KEY KEYS-----
ecdsa-sha2-nistp256 AAAAE2VjZHNhLXNoYTItbmlzdHAyNTYAAAAIbmlzdHAyNTYAAABBBNplraDjQBx0N/pLMIovQjxoCKB1gk2VdrkN8p1fY3tlB52Xnwg6gjIYzZRjskNgkDBjiCMCu0K62Le5badIqXQ= root@ubuntu-xenial
ssh-ed25519 AAAAC3NzaC1lZDI1NTE5AAAAIIqp5AHAY24Bi60yJr4xdF2QPD8io8onDnFA68rmiaVB root@ubuntu-xenial
ssh-rsa AAAAB3NzaC1yc2EAAAADAQABAAABAQC3Ngp+TVfxwVKyUJUv1JUuE8/jE8/XPSE04xWI7PKlSYFnGBxl3Vx8GKcvqwqr40UcAy7wgrUij4VPVdJI+p4TLKwExj5vAgw8cnHYgzDN/K1wAtkJZsoqaAGkbnshQf511fjyoGjszrVJ/URO5T77OkL56Q3o0uB4mpceIEtuHbUlf61g4pyI48j6s8urKaQht1B0YnP/KsQX7d3DgvXJduDTNiWYa5sMuV/MbM3VJoWdub5lfZGoN54UqiKAQAF8T4vC8boV4ohGhoory+xyverVS5ziZAbsUv1bvqNBl41VZ/jYRYoWCG9Zq3yE+5tWcO7XvyCdJl6IUniUtDt/ root@ubuntu-xenial
-----END SSH HOST KEY KEYS-----
[   22.712925] cloud-init[1550]: Cloud-init v. 19.1-1-gbaa47854-0ubuntu1~16.04.1 running 'modules:final' at Sat, 17 Aug 2019 12:09:54 +0000. Up 22.45 seconds.
[   22.713153] cloud-init[1550]: ci-info: no authorized ssh keys fingerprints found for user ubuntu.
[   22.713250] cloud-init[1550]: Cloud-init v. 19.1-1-gbaa47854-0ubuntu1~16.04.1 finished at Sat, 17 Aug 2019 12:09:54 +0000. Datasource DataSourceNoCloud [seed=/dev/sdb][dsmode=net].  Up 22.69 seconds
